07-14 09:59:48.021 14689 14689 D LifecycleMonitor: Lifecycle status change: androidx.test.core.app.InstrumentationActivityInvoker$BootstrapActivity@2a699a8 in: DESTROYED
07-14 09:59:48.023 14689 14689 V ActivityScenario: Activity lifecycle changed event received but ignored because the intent does not match. startActivityIntent=Intent { act=android.intent.action.MAIN cat=[android.intent.category.LAUNCHER] cmp=com.example.dogglers/.VerticalListActivity }, activity.getIntent()=Intent { act=android.intent.action.MAIN cat=[android.intent.category.LAUNCHER] flg=0x10008000 cmp=com.example.dogglers/androidx.test.core.app.InstrumentationActivityInvoker$BootstrapActivity (has extras) }, activity=androidx.test.core.app.InstrumentationActivityInvoker$BootstrapActivity@2a699a8
07-14 09:59:48.026  1426  7235 D InputMethodManagerServicePhysicalKey: isConnectedDexOnPC false
07-14 09:59:48.028  1426  7235 D InputMethodManagerService: isImeSwitcherDisabledPackage : false
07-14 09:59:48.028   849   849 I SurfaceFlinger: [4148e47 com.example.dogglers/androidx.test.core.app.InstrumentationActivityInvoker$EmptyActivity#0] FrameRatePriority: -1
07-14 09:59:48.029   849   849 I Layer   : id=24440 removedFromDrawingState ActivityRecord{57dbf3e u0 com.example.dogglers/androidx.test.core.app.InstrumentationActivityInvoker$BootstrapActivity t1116}#0 (103)
07-14 09:59:48.029   849   849 I SurfaceFlinger: id=24440 Removed ActivityRecord{57dbf3e u0 com.example.dogglers/androidx.test.core.app.InstrumentationActivityInvoker$BootstrapActivity t1116}#0 (103)
07-14 09:59:48.029   849   849 I Layer   : id=24440 Destroyed ActivityRecord{57dbf3e u0 com.example.dogglers/androidx.test.core.app.InstrumentationActivityInvoker$BootstrapActivity t1116}#0
07-14 09:59:48.030  1426  7235 D InputDispatcher: Focus left window (0): 4148e47 com.example.dogglers/androidx.test.core.app.InstrumentationActivityInvoker$EmptyActivity
07-14 09:59:48.031   793   901 I hwcomposer: [HWCDisplay] [Display_0 (type:1)] fps:64.276779,dur:1011.25,max:236.36,min:7.69
07-14 09:59:48.032 14689 14689 D LifecycleMonitor: Lifecycle status change: androidx.test.core.app.InstrumentationActivityInvoker$EmptyActivity@31784af in: PRE_ON_CREATE
07-14 09:59:48.033 14689 14689 V ActivityScenario: Activity lifecycle changed event received but ignored because the intent does not match. startActivityIntent=Intent { act=android.intent.action.MAIN cat=[android.intent.category.LAUNCHER] cmp=com.example.dogglers/.VerticalListActivity }, activity.getIntent()=Intent { act=android.intent.action.MAIN cat=[android.intent.category.LAUNCHER] flg=0x10000000 cmp=com.example.dogglers/androidx.test.core.app.InstrumentationActivityInvoker$EmptyActivity }, activity=androidx.test.core.app.InstrumentationActivityInvoker$EmptyActivity@31784af
07-14 09:59:48.039 14689 14689 I DecorView: [INFO] isPopOver=false, config=true
07-14 09:59:48.039 14689 14689 I DecorView: updateCaptionType >> DecorView@c38ab54[], isFloating=false, isApplication=true, hasWindowControllerCallback=true, hasWindowDecorCaption=false
07-14 09:59:48.040 14689 14689 D DecorView: setCaptionType = 0, this = DecorView@c38ab54[]
07-14 09:59:48.044 14689 14689 I DecorView: getCurrentDensityDpi: from real metrics. densityDpi=300 msg=resources_loaded
07-14 09:59:48.045 14689 14689 D LifecycleMonitor: Lifecycle status change: androidx.test.core.app.InstrumentationActivityInvoker$EmptyActivity@31784af in: CREATED
07-14 09:59:48.046 14689 14689 V ActivityScenario: Activity lifecycle changed event received but ignored because the intent does not match. startActivityIntent=Intent { act=android.intent.action.MAIN cat=[android.intent.category.LAUNCHER] cmp=com.example.dogglers/.VerticalListActivity }, activity.getIntent()=Intent { act=android.intent.action.MAIN cat=[android.intent.category.LAUNCHER] flg=0x10000000 cmp=com.example.dogglers/androidx.test.core.app.InstrumentationActivityInvoker$EmptyActivity }, activity=androidx.test.core.app.InstrumentationActivityInvoker$EmptyActivity@31784af
07-14 09:59:48.048 14689 14689 D LifecycleMonitor: Lifecycle status change: androidx.test.core.app.InstrumentationActivityInvoker$EmptyActivity@31784af in: STARTED
07-14 09:59:48.049 14689 14689 V ActivityScenario: Activity lifecycle changed event received but ignored because the intent does not match. startActivityIntent=Intent { act=android.intent.action.MAIN cat=[android.intent.category.LAUNCHER] cmp=com.example.dogglers/.VerticalListActivity }, activity.getIntent()=Intent { act=android.intent.action.MAIN cat=[android.intent.category.LAUNCHER] flg=0x10000000 cmp=com.example.dogglers/androidx.test.core.app.InstrumentationActivityInvoker$EmptyActivity }, activity=androidx.test.core.app.InstrumentationActivityInvoker$EmptyActivity@31784af
07-14 09:59:48.051 14689 14689 D LifecycleMonitor: Lifecycle status change: androidx.test.core.app.InstrumentationActivityInvoker$EmptyActivity@31784af in: RESUMED
07-14 09:59:48.052 14689 14689 V ActivityScenario: Activity lifecycle changed event received but ignored because the intent does not match. startActivityIntent=Intent { act=android.intent.action.MAIN cat=[android.intent.category.LAUNCHER] cmp=com.example.dogglers/.VerticalListActivity }, activity.getIntent()=Intent { act=android.intent.action.MAIN cat=[android.intent.category.LAUNCHER] flg=0x10000000 cmp=com.example.dogglers/androidx.test.core.app.InstrumentationActivityInvoker$EmptyActivity }, activity=androidx.test.core.app.InstrumentationActivityInvoker$EmptyActivity@31784af
07-14 09:59:48.053   849  1602 I SurfaceFlinger: [SF client] NEW(0xb40000774c263a40) for (14689:com.example.dogglers)
07-14 09:59:48.057  1426  7235 D InputTransport: Input channel constructed: '3fc362f', fd=938
07-14 09:59:48.057  1426  7235 D InputTransport: Input channel constructed: '3fc362f', fd=950
07-14 09:59:48.057  1426  7235 D InputTransport: Input channel constructed: '3fc362f', fd=952
07-14 09:59:48.057   849   922 I SurfaceFlinger: id=24467 createSurf (0x0),-1 flag=80004, 3fc362f com.example.dogglers/androidx.test.core.app.InstrumentationActivityInvoker$EmptyActivity#0
07-14 09:59:48.058  1426  7235 D InputTransport: Input channel destroyed: '3fc362f', fd=952
07-14 09:59:48.060 14689 14689 I ViewRootImpl@f4cbafd[InstrumentationActivityInvoker$EmptyActivity]: setView = com.android.internal.policy.DecorView@c38ab54 TM=true
07-14 09:59:48.068  1426  7235 V WindowManager: Relayout Window{3fc362f u0 com.example.dogglers/androidx.test.core.app.InstrumentationActivityInvoker$EmptyActivity}: viewVisibility=0 req=720x1600 d0
07-14 09:59:48.068   849   922 E BufferQueueDebug: [com.example.dogglers/androidx.test.core.app.InstrumentationActivityInvoker$EmptyActivity$_14689#1](this:0xb40000774726c948,id:-1,api:0,p:-1,c:-1) id info cannot be read from 'com.example.dogglers/androidx.test.core.app.InstrumentationActivityInvoker$EmptyActivity$_14689#1'
07-14 09:59:48.068   849   922 I BufferQueueDebug: [com.example.dogglers/androidx.test.core.app.InstrumentationActivityInvoker$EmptyActivity$_14689#1](this:0xb40000774726c948,id:-1,api:0,p:-1,c:-1) BufferQueue core=(849:/system/bin/surfaceflinger)
07-14 09:59:48.069   849   922 I SurfaceFlinger: id=24468 createSurf (1x1),-3 flag=40004, com.example.dogglers/androidx.test.core.app.InstrumentationActivityInvoker$EmptyActivity$_14689#1
07-14 09:59:48.072   849   922 I SurfaceFlinger: id=24469 createSurf (0x0),-1 flag=24000, Surface(name=229b753 StatusBar)/@0xf6813df - animation-leash of insets_animation#1
07-14 09:59:48.072   849   922 I SurfaceFlinger: id=24470 createSurf (0x0),-1 flag=24000, Surface(name=9917522 NavigationBar0)/@0xe14f88a - animation-leash of insets_animation#1
07-14 09:59:48.074  1426  7235 V WindowManager: Relayout hash=3fc362f, pid=14689: mAttrs={(0,0)(fillxfill) sim={adjust=pan forwardNavigation} ty=BASE_APPLICATION wanim=0x1030001
07-14 09:59:48.074  1426  7235 V WindowManager:   fl=1810100
07-14 09:59:48.074  1426  7235 V WindowManager:   pfl=12020040
07-14 09:59:48.074  1426  7235 V WindowManager:   apr=LIGHT_NAVIGATION_BARS
07-14 09:59:48.074  1426  7235 V WindowManager:   bhv=DEFAULT
07-14 09:59:48.074  1426  7235 V WindowManager:   fitSides= naviIconColor=0
07-14 09:59:48.074  1426  7235 V WindowManager:   sfl=100000}
07-14 09:59:48.076 14689 14689 I BufferQueueConsumer: [](id:396100000002,api:0,p:-1,c:14689) connect: controlledByApp=false
07-14 09:59:48.076 14689 14689 I BLASTBufferQueue: [ViewRootImpl@f4cbafd[InstrumentationActivityInvoker$EmptyActivity]#2] constructor()
07-14 09:59:48.078 14689 14689 I ViewRootImpl@f4cbafd[InstrumentationActivityInvoker$EmptyActivity]: Relayout returned: old=(0,0,720,1600) new=(0,0,720,1600) req=(720,1600)0 dur=9 res=0x7 s={true -5476376631780245504} ch=true fn=-1
07-14 09:59:48.078 14689 14784 I BufferQueueProducer: [ViewRootImpl@f4cbafd[InstrumentationActivityInvoker$EmptyActivity]#2(BLAST Consumer)2](id:396100000002,api:1,p:14689,c:14689) connect: api=1 producerControlledByApp=true
07-14 09:59:48.079 14689 14784 D OpenGLRenderer: eglCreateWindowSurface
07-14 09:59:48.081 14689 14689 I ViewRootImpl@f4cbafd[InstrumentationActivityInvoker$EmptyActivity]: [DP] dp(1) 1 android.view.ViewRootImpl.reportNextDraw:11387 android.view.ViewRootImpl.performTraversals:4185 android.view.ViewRootImpl.doTraversal:2911
07-14 09:59:48.081 14689 14689 D ViewRootImpl@f4cbafd[InstrumentationActivityInvoker$EmptyActivity]: Creating frameDrawingCallback nextDrawUseBlastSync=false reportNextDraw=true hasBlurUpdates=false
07-14 09:59:48.081 14689 14689 D ViewRootImpl@f4cbafd[InstrumentationActivityInvoker$EmptyActivity]: Creating frameCompleteCallback
07-14 09:59:48.084   849   849 I Layer   : id=24463 removedFromDrawingState Surface(name=9917522 NavigationBar0)/@0xe14f88a - animation-leash of insets_animation#0 (106)
07-14 09:59:48.084   849   849 I Layer   : id=69 removedFromDrawingState 9917522 NavigationBar0#0 (106)
07-14 09:59:48.084   849   849 I Layer   : id=79 removedFromDrawingState NavigationBar0$_1833#0 (106)
07-14 09:59:48.084   849   849 I Layer   : id=24462 removedFromDrawingState Surface(name=229b753 StatusBar)/@0xf6813df - animation-leash of insets_animation#0 (106)
07-14 09:59:48.084   849   849 I Layer   : id=69 addToCurrentState 9917522 NavigationBar0#0 (106)
07-14 09:59:48.084   849   849 I Layer   : id=79 addToCurrentState NavigationBar0$_1833#0 (106)
07-14 09:59:48.084   849   849 I SurfaceFlinger: [3fc362f com.example.dogglers/androidx.test.core.app.InstrumentationActivityInvoker$EmptyActivity#0] FrameRatePriority: 1
07-14 09:59:48.084 14689 14805 D ViewRootImpl@f4cbafd[InstrumentationActivityInvoker$EmptyActivity]: Received frameDrawingCallback frameNum=1. Creating transactionCompleteCallback=false
07-14 09:59:48.086  1426  3962 D InputDispatcher: Focus request (0): 3fc362f com.example.dogglers/androidx.test.core.app.InstrumentationActivityInvoker$EmptyActivity but waiting because NOT_VISIBLE
07-14 09:59:48.088 14689 14784 D ViewRootImpl@f4cbafd[InstrumentationActivityInvoker$EmptyActivity]: Received frameCompleteCallback  lastAcquiredFrameNum=1 lastAttemptedDrawFrameNum=1
07-14 09:59:48.090 14689 14689 I ViewRootImpl@f4cbafd[InstrumentationActivityInvoker$EmptyActivity]: [DP] pdf(0) 1 android.view.ViewRootImpl.lambda$addFrameCompleteCallbackIfNeeded$3$ViewRootImpl:4987 android.view.ViewRootImpl$$ExternalSyntheticLambda16.run:6 android.os.Handler.handleCallback:938
07-14 09:59:48.090 14689 14689 I ViewRootImpl@f4cbafd[InstrumentationActivityInvoker$EmptyActivity]: [DP] rdf()
07-14 09:59:48.090 14689 14689 D ViewRootImpl@f4cbafd[InstrumentationActivityInvoker$EmptyActivity]: reportDrawFinished (fn: -1)
07-14 09:59:48.090 14689 14689 I ViewRootImpl@6195b7[InstrumentationActivityInvoker$EmptyActivity]: MSG_WINDOW_FOCUS_CHANGED 0 1
07-14 09:59:48.094  1426  1455 I SemDvfsHyPerManager: acquire hyper - AMS_RESUME_TAIL/1426@15, type = -999
07-14 09:59:48.094  1426  1451 I ActivityTaskManager: Displayed com.example.dogglers/androidx.test.core.app.InstrumentationActivityInvoker$EmptyActivity: +118ms
07-14 09:59:48.094  1426  1455 I SemDvfsHyPerManager: acquire hyper - AMS_ACT_LAZY/1426@16, type = -999
07-14 09:59:48.094   803   861 I HYPER-HAL: [RequestManager.cpp]acquire(): Acquired ID : 1038976  [1426 / 15]    HINT : AMS_RESUME_TAIL    list :
07-14 09:59:48.094   803   861 I mtkpower_client: perf_lock_rel, hdl:24390, tid:861
07-14 09:59:48.094  2845  2845 E pageboostd: Received HALT command code 2
07-14 09:59:48.095   803   861 I mtkpower_client: perf_lock_acq, hdl:0, dur:0, num:2, tid:861
07-14 09:59:48.095   808   897 I libPowerHal: [perfLockRel] hdl:24390, idx:1
07-14 09:59:48.095   808   897 I libPowerHal: vendor.samsung.: cpu_ctrl set cpu freq: -1 -1 -1 -1
07-14 09:59:48.097   803   861 I mtkpower_client: ret_hdl:24393
07-14 09:59:48.097   803   861 I mtkpower_client: perf_lock_rel, hdl:24391, tid:861
07-14 09:59:48.097   808   897 I libPowerHal: [perfLockAcq] idx:0 hdl:24393 hint:-1 pid:803 duration:0 lock_user:vendor.samsung. => ret_hdl:24393
07-14 09:59:48.097   808   897 I libPowerHal: vendor.samsung.: cpu_ctrl set cpu freq: 1800000 -1 -1 -1
07-14 09:59:48.098   803   861 I mtkpower_client: perf_lock_acq, hdl:0, dur:0, num:2, tid:861
07-14 09:59:48.099   808   897 I libPowerHal: [perfLockRel] hdl:24391, idx:2
07-14 09:59:48.099   808   897 I libPowerHal: [PD] vendor.samsung. update cmd:1c3c000, param:1
07-14 09:59:48.099   808   897 I libPowerHal: [PD] (less) /proc/mcdi/state set +prefix:enable 1;
07-14 09:59:48.099 14689 14689 D InsetsSourceConsumer: ensureControlAlpha: for ITYPE_NAVIGATION_BAR on com.example.dogglers/androidx.test.core.app.InstrumentationActivityInvoker$EmptyActivity
07-14 09:59:48.100   808   897 I libPowerHal: [perfLockAcq] idx:1 hdl:24394 hint:-1 pid:803 duration:0 lock_user:vendor.samsung. => ret_hdl:24394
07-14 09:59:48.100   808   897 I libPowerHal: [PE] (less) /proc/mcdi/state set +prefix:enable 0;
07-14 09:59:48.100 14689 14689 D InsetsSourceConsumer: ensureControlAlpha: for ITYPE_STATUS_BAR on com.example.dogglers/androidx.test.core.app.InstrumentationActivityInvoker$EmptyActivity
07-14 09:59:48.101   803   861 I mtkpower_client: ret_hdl:24394
07-14 09:59:48.101   803   861 I mtkpower_client: perf_lock_rel, hdl:24392, tid:861
07-14 09:59:48.101   803   861 I mtkpower_client: perf_lock_acq, hdl:0, dur:0, num:2, tid:861
07-14 09:59:48.101   808   897 I libPowerHal: [perfLockRel] hdl:24392, idx:3
07-14 09:59:48.101   808   897 I libPowerHal: [PD] vendor.samsung. update cmd:1000000, param:-1
07-14 09:59:48.102   808   897 I libPowerHal: [PD] vendor.samsung. update cmd:1000000 param:-1
07-14 09:59:48.102   803   861 I mtkpower_client: ret_hdl:24395
07-14 09:59:48.102   808   897 I libPowerHal: [perfLockAcq] idx:2 hdl:24395 hint:-1 pid:803 duration:0 lock_user:vendor.samsung. => ret_hdl:24395
07-14 09:59:48.102   808   897 I libPowerHal: [PE] vendor.samsung. update cmd:1000000, param:0
07-14 09:59:48.102   803   861 I HYPER-HAL: [RequestManager.cpp]releaseLocked(): Released ID : 1036093
07-14 09:59:48.102   808   897 I libPowerHal: [PE] vendor.samsung. update cmd:1000000 param:0
07-14 09:59:48.103   849   922 I SurfaceFlinger: id=24463 Removed Surface(name=9917522 NavigationBar0)/@0xe14f88a - animation-leash of insets_animation#0 (106)
07-14 09:59:48.103   849   921 I SurfaceFlinger: id=24462 Removed Surface(name=229b753 StatusBar)/@0xf6813df - animation-leash of insets_animation#0 (106)
07-14 09:59:48.103 14689 14689 I ViewRootImpl@6195b7[InstrumentationActivityInvoker$EmptyActivity]: handleAppVisibility mAppVisible=true visible=false
07-14 09:59:48.106   849   849 I Layer   : id=24463 Destroyed Surface(name=9917522 NavigationBar0)/@0xe14f88a - animation-leash of insets_animation#0
07-14 09:59:48.106   849   849 I Layer   : id=24462 Destroyed Surface(name=229b753 StatusBar)/@0xf6813df - animation-leash of insets_animation#0
07-14 09:59:48.107  1426  7235 D InputDispatcher: Focused application set to (0): af89a01
07-14 09:59:48.107  1426  7682 D InputDispatcher: Focus entered window (0): 3fc362f com.example.dogglers/androidx.test.core.app.InstrumentationActivityInvoker$EmptyActivity
07-14 09:59:48.111   849   849 D SurfaceFlinger: Display 0 HWC layers:
07-14 09:59:48.111   849   849 D SurfaceFlinger:      DEVICE | 0xb40000774703ea80 | 0102 | RGBA_8888    |    0.0    0.0  720.0 1600.0 |    0    0  720 1600 | com.example.dogglers/androidx.test.c[...]tivityInvoker$EmptyActivity$_14689#1
07-14 09:59:48.111   849   849 D SurfaceFlinger:      DEVICE | 0xb40000774703f680 | 0100 | RGBA_8888    |    0.0    0.0  720.0   53.0 |    0    0  720   53 | StatusBar$_1833#0
07-14 09:59:48.111   849   849 D SurfaceFlinger:      DEVICE | 0xb40000774bc0aa80 | 0100 | RGBA_8888    |    0.0    0.0  720.0   90.0 |    0 1510  720 1600 | NavigationBar0$_1833#0
07-14 09:59:48.111   849   849 D SurfaceFlinger:      DEVICE | 0xb40000776d256580 | 0140 | RGBA_8888    |    0.0    0.0  720.0   86.0 |    0    0  720   86 | ScreenDecorOverlay$_1833#0
07-14 09:59:48.111   849   849 D SurfaceFlinger:      DEVICE | 0xb40000776d255e00 | 0140 | RGBA_8888    |    0.0    0.0  720.0   77.0 |    0 1523  720 1600 | ScreenDecorOverlayBottom$_1833#0
07-14 09:59:48.111   849   849 D SurfaceFlinger:
07-14 09:59:48.112 14689 14689 I ViewRootImpl@6195b7[InstrumentationActivityInvoker$EmptyActivity]: stopped(true) old=false
07-14 09:59:48.113 14689 14689 D LifecycleMonitor: Lifecycle status change: androidx.test.core.app.InstrumentationActivityInvoker$EmptyActivity@99db578 in: STOPPED
07-14 09:59:48.114 14689 14689 V ActivityScenario: Activity lifecycle changed event received but ignored because the intent does not match. startActivityIntent=Intent { act=android.intent.action.MAIN cat=[android.intent.category.LAUNCHER] cmp=com.example.dogglers/.VerticalListActivity }, activity.getIntent()=Intent { act=android.intent.action.MAIN cat=[android.intent.category.LAUNCHER] flg=0x10000000 cmp=com.example.dogglers/androidx.test.core.app.InstrumentationActivityInvoker$EmptyActivity }, activity=androidx.test.core.app.InstrumentationActivityInvoker$EmptyActivity@99db578
07-14 09:59:48.115 14689 14784 D OpenGLRenderer: setSurface called with nullptr
07-14 09:59:48.115 14689 14784 D OpenGLRenderer: setSurface() destroyed EGLSurface
07-14 09:59:48.115 14689 14784 D OpenGLRenderer: destroyEglSurface
07-14 09:59:48.117 14689 14784 I BufferQueueProducer: [ViewRootImpl@6195b7[InstrumentationActivityInvoker$EmptyActivity]#1(BLAST Consumer)1](id:396100000001,api:1,p:14689,c:14689) disconnect: api 1
07-14 09:59:48.117   849   849 I SurfaceFlinger: [3fc362f com.example.dogglers/androidx.test.core.app.InstrumentationActivityInvoker$EmptyActivity#0] FrameRatePriority: -1
07-14 09:59:48.117 14689 14784 I BLASTBufferQueue: [ViewRootImpl@6195b7[InstrumentationActivityInvoker$EmptyActivity]#1] destructor()
07-14 09:59:48.117 14689 14784 I BufferQueueConsumer: [ViewRootImpl@6195b7[InstrumentationActivityInvoker$EmptyActivity]#1(BLAST Consumer)1](id:396100000001,api:0,p:-1,c:14689) disconnect
07-14 09:59:48.118  2306  8257 I RecentModel: onTaskStackChangedBackground
07-14 09:59:48.119  1426  7682 V WindowManager: Relayout Window{4148e47 u0 com.example.dogglers/androidx.test.core.app.InstrumentationActivityInvoker$EmptyActivity}: viewVisibility=8 req=720x1600 d0
07-14 09:59:48.121  1426  7682 V WindowManager: Relayout hash=4148e47, pid=14689: mAttrs={(0,0)(fillxfill) sim={adjust=pan forwardNavigation} ty=BASE_APPLICATION wanim=0x1030001
07-14 09:59:48.121  1426  7682 V WindowManager:   fl=1810100
07-14 09:59:48.121  1426  7682 V WindowManager:   pfl=12020040
07-14 09:59:48.121  1426  7682 V WindowManager:   apr=LIGHT_NAVIGATION_BARS
07-14 09:59:48.121  1426  7682 V WindowManager:   bhv=DEFAULT
07-14 09:59:48.121  1426  7682 V WindowManager:   fitSides= naviIconColor=0
07-14 09:59:48.121  1426  7682 V WindowManager:   sfl=100000}
07-14 09:59:48.123 14689 14689 I ViewRootImpl@6195b7[InstrumentationActivityInvoker$EmptyActivity]: Relayout returned: old=(0,0,720,1600) new=(0,0,720,1600) req=(720,1600)8 dur=4 res=0x5 s={false 0} ch=false fn=-1
07-14 09:59:48.124 14689 14689 D LifecycleMonitor: Lifecycle status change: androidx.test.core.app.InstrumentationActivityInvoker$EmptyActivity@99db578 in: DESTROYED
07-14 09:59:48.125 14689 14689 V ActivityScenario: Activity lifecycle changed event received but ignored because the intent does not match. startActivityIntent=Intent { act=android.intent.action.MAIN cat=[android.intent.category.LAUNCHER] cmp=com.example.dogglers/.VerticalListActivity }, activity.getIntent()=Intent { act=android.intent.action.MAIN cat=[android.intent.category.LAUNCHER] flg=0x10000000 cmp=com.example.dogglers/androidx.test.core.app.InstrumentationActivityInvoker$EmptyActivity }, activity=androidx.test.core.app.InstrumentationActivityInvoker$EmptyActivity@99db578
07-14 09:59:48.126 14689 14784 D OpenGLRenderer: setSurface called with nullptr
07-14 09:59:48.126 14689 14689 I ViewRootImpl@6195b7[InstrumentationActivityInvoker$EmptyActivity]: dispatchDetachedFromWindow
07-14 09:59:48.127  1426  7682 D InputTransport: Input channel destroyed: '4148e47', fd=781
07-14 09:59:48.127  1426  7682 W InputManager-JNI: Input channel object '4148e47 com.example.dogglers/androidx.test.core.app.InstrumentationActivityInvoker$EmptyActivity (client)' was disposed without first being removed with the input manager!
07-14 09:59:48.127  1426  7682 D InputTransport: Input channel destroyed: '4148e47', fd=884
07-14 09:59:48.128   849  2307 I SurfaceFlinger: id=24471 createSurf (0x0),-1 flag=24004, Surface(name=1cdad24 InputMethod)/@0x32a0253 - animation-leash of insets_animation#1
07-14 09:59:48.129  1426  7235 D InputDispatcher: Focus left window (0): 3fc362f com.example.dogglers/androidx.test.core.app.InstrumentationActivityInvoker$EmptyActivity
07-14 09:59:48.131 14689 14689 D InputTransport: Input channel destroyed: '4148e47', fd=132
07-14 09:59:48.135 14689 14689 D LifecycleMonitor: Lifecycle status change: androidx.test.core.app.InstrumentationActivityInvoker$EmptyActivity@31784af in: PAUSED
07-14 09:59:48.136 14689 14689 V ActivityScenario: Activity lifecycle changed event received but ignored because the intent does not match. startActivityIntent=Intent { act=android.intent.action.MAIN cat=[android.intent.category.LAUNCHER] cmp=com.example.dogglers/.VerticalListActivity }, activity.getIntent()=Intent { act=android.intent.action.MAIN cat=[android.intent.category.LAUNCHER] flg=0x10000000 cmp=com.example.dogglers/androidx.test.core.app.InstrumentationActivityInvoker$EmptyActivity }, activity=androidx.test.core.app.InstrumentationActivityInvoker$EmptyActivity@31784af
07-14 09:59:48.137  1426  7235 I SemDvfsHyPerManager: acquire hyper - AMS_APP_HOME/1426@28, type = -999
07-14 09:59:48.137   803   861 I HYPER-HAL: [RequestManager.cpp]acquire(): Acquired ID : 1057813  [1426 / 28]    HINT : AMS_APP_HOME    list :
07-14 09:59:48.138   803   861 I mtkpower_client: perf_lock_rel, hdl:24394, tid:861
07-14 09:59:48.138   803   861 I mtkpower_client: perf_lock_acq, hdl:0, dur:0, num:2, tid:861
07-14 09:59:48.138  1426  7235 E libprocessgroup: Failed to write '6-7' to /dev/cpuset/system-background/cpus: Permission denied
07-14 09:59:48.138   808   897 I libPowerHal: [perfLockRel] hdl:24394, idx:1
07-14 09:59:48.138  3933  3933 I SemDvfsHyPerManager: acquire hyper - APP_START_SHORT/3933@15, type = -999
07-14 09:59:48.139   808   897 I libPowerHal: [PD] vendor.samsung. update cmd:1c3c000, param:1
07-14 09:59:48.139   808   897 I libPowerHal: [PD] (less) /proc/mcdi/state set +prefix:enable 1;
07-14 09:59:48.139   849   849 I Layer   : id=24461 removedFromDrawingState com.example.dogglers/androidx.test.core.app.InstrumentationActivityInvoker$EmptyActivity$_14689#0 (105)
07-14 09:59:48.139  2306  2306 I ViewRootImpl@346ff4a[LauncherActivity]: handleAppVisibility mAppVisible=false visible=true
07-14 09:59:48.139   849   849 I Layer   : id=24460 removedFromDrawingState 4148e47 com.example.dogglers/androidx.test.core.app.InstrumentationActivityInvoker$EmptyActivity#0 (105)
07-14 09:59:48.139   803   861 I mtkpower_client: ret_hdl:24396
07-14 09:59:48.139   849   849 I Layer   : id=24466 removedFromDrawingState Surface(name=1cdad24 InputMethod)/@0x32a0253 - animation-leash of insets_animation#0 (105)
07-14 09:59:48.139   849   849 I SurfaceFlinger: id=24460 Removed 4148e47 com.example.dogglers/androidx.test.core.app.InstrumentationActivityInvoker$EmptyActivity#0 (105)
07-14 09:59:48.139   808   897 I libPowerHal: [perfLockAcq] idx:3 hdl:24396 hint:-1 pid:803 duration:0 lock_user:vendor.samsung. => ret_hdl:24396
07-14 09:59:48.139   803   861 I mtkpower_client: perf_lock_rel, hdl:24393, tid:861
07-14 09:59:48.140   849   849 I SurfaceFlinger: id=24466 Removed Surface(name=1cdad24 InputMethod)/@0x32a0253 - animation-leash of insets_animation#0 (105)
07-14 09:59:48.140   849   849 I SurfaceFlinger: id=24461 Removed com.example.dogglers/androidx.test.core.app.InstrumentationActivityInvoker$EmptyActivity$_14689#0 (105)
07-14 09:59:48.140   808   897 I libPowerHal: [PE] (less) /proc/mcdi/state set +prefix:enable 0;
07-14 09:59:48.140   803   861 I mtkpower_client: perf_lock_acq, hdl:0, dur:0, num:2, tid:861
07-14 09:59:48.140   849   849 I Layer   : id=24460 Destroyed 4148e47 com.example.dogglers/androidx.test.core.app.InstrumentationActivityInvoker$EmptyActivity#0
07-14 09:59:48.140   808   897 I libPowerHal: [perfLockRel] hdl:24393, idx:0
07-14 09:59:48.140   849   849 I BufferQueueDebug: [com.example.dogglers/androidx.test.core.app.InstrumentationActivityInvoker$EmptyActivity$_14689#0](this:0xb4000077471cf948,id:-1,api:0,p:-1,c:849) onDestructor()
07-14 09:59:48.140   849   849 I Layer   : id=24461 Destroyed com.example.dogglers/androidx.test.core.app.InstrumentationActivityInvoker$EmptyActivity$_14689#0
07-14 09:59:48.140   808   897 I libPowerHal: vendor.samsung.: cpu_ctrl set cpu freq: -1 -1 -1 -1
07-14 09:59:48.140   849   849 I Layer   : id=24466 Destroyed Surface(name=1cdad24 InputMethod)/@0x32a0253 - animation-leash of insets_animation#0
07-14 09:59:48.140   803   861 I mtkpower_client: ret_hdl:24397
07-14 09:59:48.140   808   897 I libPowerHal: [perfLockAcq] idx:0 hdl:24397 hint:-1 pid:803 duration:0 lock_user:vendor.samsung. => ret_hdl:24397
07-14 09:59:48.141   808   897 I libPowerHal: vendor.samsung.: cpu_ctrl set cpu freq: 1800000 -1 -1 -1
07-14 09:59:48.141   803   861 I HYPER-HAL: [RequestManager.cpp]acquire(): Acquired ID : 7795341  [3933 / 15]    HINT : APP_START    list : [TIMEOUT / 1500]
07-14 09:59:48.145 14689 14689 I ViewRootImpl@f4cbafd[InstrumentationActivityInvoker$EmptyActivity]: MSG_WINDOW_FOCUS_CHANGED 0 1
07-14 09:59:48.146 14689 14689 I ViewRootImpl@f4cbafd[InstrumentationActivityInvoker$EmptyActivity]: MSG_WINDOW_FOCUS_CHANGED 0 1
07-14 09:59:48.147 14689 14778 E TestRunner: failed: vertical_scroll_content_at_first_position(com.example.dogglers.VerticalListTests)
07-14 09:59:48.147 14689 14778 E TestRunner: ----- begin exception -----
07-14 09:59:48.149 14689 14778 E TestRunner: androidx.test.espresso.NoMatchingViewException: No views in hierarchy found matching: an instance of android.widget.TextView and view.getText() with or without transformation to match: is "7"
07-14 09:59:48.149 14689 14778 E TestRunner:
07-14 09:59:48.149 14689 14778 E TestRunner: View Hierarchy:
07-14 09:59:48.149 14689 14778 E TestRunner: +>DecorView{id=-1, visibility=VISIBLE, width=720, height=1600, has-focus=false, has-focusable=true, has-window-focus=true, is-clickable=false, is-enabled=true, is-focused=false, is-focusable=false, is-layout-requested=false, is-selected=false, layout-params={(0,0)(fillxfill) ty=BASE_APPLICATION wanim=0x1030303
07-14 09:59:48.149 14689 14778 E TestRunner:   fl=81810100
07-14 09:59:48.149 14689 14778 E TestRunner:   pfl=10020040
07-14 09:59:48.149 14689 14778 E TestRunner:   bhv=DEFAULT
07-14 09:59:48.149 14689 14778 E TestRunner:   fitSides= naviIconColor=0
07-14 09:59:48.149 14689 14778 E TestRunner:   sfl=100000}, tag=null, root-is-layout-requested=false, has-input-connection=false, x=0.0, y=0.0, child-count=3}
07-14 09:59:48.149 14689 14778 E TestRunner: |
07-14 09:59:48.149 14689 14778 E TestRunner: +->LinearLayout{id=-1, visibility=VISIBLE, width=720, height=1510, has-focus=false, has-focusable=true, has-window-focus=true, is-clickable=false, is-enabled=true, is-focused=false, is-focusable=false, is-layout-requested=false, is-selected=false, layout-params=android.widget.FrameLayout$LayoutParams@5b35d2a, tag=null, root-is-layout-requested=false, has-input-connection=false, x=0.0, y=0.0, child-count=2}
07-14 09:59:48.149 14689 14778 E TestRunner: |
07-14 09:59:48.149 14689 14778 E TestRunner: +-->ViewStub{id=16908722, res-name=action_mode_bar_stub, visibility=GONE, width=0, height=0, has-focus=false, has-focusable=false, has-window-focus=true, is-clickable=false, is-enabled=true, is-focused=false, is-focusable=false, is-layout-requested=true, is-selected=false, layout-params=android.widget.LinearLayout$LayoutParams@c3da71b, tag=null, root-is-layout-requested=false, has-input-connection=false, x=0.0, y=0.0}
07-14 09:59:48.149 14689 14778 E TestRunner: |
07-14 09:59:48.149 14689 14778 E TestRunner: +-->FrameLayout{id=-1, visibility=VISIBLE, width=720, height=1452, has-focus=false, has-focusable=true, has-window-focus=true, is-clickable=false, is-enabled=true, is-focused=false, is-focusable=false, is-layout-requested=false, is-selected=false, layout-params=android.widget.LinearLayout$LayoutParams@4c1de91, tag=null, root-is-layout-requested=false, has-input-connection=false, x=0.0, y=58.0, child-count=1}
07-14 09:59:48.149 14689 14778 E TestRunner: |
07-14 09:59:48.149 14689 14778 E TestRunner: +--->ActionBarOverlayLayout{id=2131230866, res-name=decor_content_parent, visibility=VISIBLE, width=720, height=1452, has-focus=false, has-focusable=true, has-window-focus=true, is-clickable=false, is-enabled=true, is-focused=false, is-focusable=false, is-layout-requested=false, is-selected=false, layout-params=android.widget.FrameLayout$LayoutParams@560064, tag=null, root-is-layout-requested=false, has-input-connection=false, x=0.0, y=0.0, child-count=2}
07-14 09:59:48.149 14689 14778 E TestRunner: |
07-14 09:59:48.149 14689 14778 E TestRunner: +---->ContentFrameLayout{id=16908290, res-name=content, visibility=VISIBLE, width=720, height=1347, has-focus=false, has-focusable=true, has-window-focus=true, is-clickable=false, is-enabled=true, is-focused=false, is-focusable=false, is-layout-requested=false, is-selected=false, layout-params=androidx.appcompat.widget.ActionBarOverlayLayout$LayoutParams@aa66782, tag=null, root-is-layout-requested=false, has-input-connection=false, x=0.0, y=105.0, child-count=1}
07-14 09:59:48.149 14689 14778 E TestRunner: |
07-14 09:59:48.149 14689 14778 E TestRunner: +----->FrameLayout{id=-1, visibility=VISIBLE, width=720, height=1347, has-focus=false, has-focusable=true, has-window-focus=true, is-clickable=false, is-enabled=true, is-focused=false, is-focusable=false, is-layout-requested=false, is-selected=false, layout-params=android.widget.FrameLayout$LayoutParams@a4bed0, tag=null, root-is-layout-requested=false, has-input-connection=false, x=0.0, y=0.0, child-count=1}
07-14 09:59:48.149 14689 14778 E TestRunner: |
07-14 09:59:48.149 14689 14778 E TestRunner: +------>RecyclerView{id=2131231206, res-name=vertical_recycler_view, visibility=VISIBLE, width=720, height=1347, has-focus=false, has-focusable=true, has-window-focus=true, is-clickable=false, is-enabled=true, is-focused=false, is-focusable=true, is-layout-requested=false, is-selected=false, layout-params=android.widget.FrameLayout$LayoutParams@4def7fc, tag=null, root-is-layout-requested=false, has-input-connection=false, x=0.0, y=0.0, child-count=3}
07-14 09:59:48.149 14689 14778 E TestRunner: |
07-14 09:59:48.149 14689 14778 E TestRunner: +------->MaterialCardView{id=-1, visibility=VISIBLE, width=690, height=517, has-focus=false, has-focusable=false, has-window-focus=true, is-clickable=false, is-enabled=true, is-focused=false, is-focusable=false, is-layout-requested=false, is-selected=false, layout-params=androidx.recyclerview.widget.RecyclerView$LayoutParams@9f564da, tag=null, root-is-layout-requested=false, has-input-connection=false, x=15.0, y=15.0, is-checked=false, child-count=1}
07-14 09:59:48.149 14689 14778 E TestRunner: |
07-14 09:59:48.149 14689 14778 E TestRunner: +-------->ConstraintLayout{id=-1, visibility=VISIBLE, width=690, height=517, has-focus=false, has-focusable=false, has-window-focus=true, is-clickable=false, is-enabled=true, is-focused=false, is-focusable=false, is-layout-requested=false, is-selected=false, layout-params=android.widget.FrameLayout$LayoutParams@c9aeee7, tag=null, root-is-layout-requested=false, has-input-connection=false, x=0.0, y=0.0, child-count=4}
07-14 09:59:48.149 14689 14778 E TestRunner: |
07-14 09:59:48.149 14689 14778 E TestRunner: +--------->AppCompatImageView{id=2131230885, res-name=dog_image, visibility=VISIBLE, width=690, height=364, has-focus=false, has-focusable=false, has-window-focus=true, is-clickable=false, is-enabled=true, is-focused=false, is-focusable=false, is-layout-requested=false, is-selected=false, layout-params=androidx.constraintlayout.widget.ConstraintLayout$LayoutParams@6c4a94, tag=null, root-is-layout-requested=false, has-input-connection=false, x=0.0, y=0.0}
07-14 09:59:48.149 14689 14778 E TestRunner: |
07-14 09:59:48.149 14689 14778 E TestRunner: +--------->MaterialTextView{id=2131230886, res-name=dog_name, visibility=VISIBLE, width=147, height=82, has-focus=false, has-focusable=false, has-window-focus=true, is-clickable=false, is-enabled=true, is-focused=false, is-focusable=false, is-layout-requested=false, is-selected=false, layout-params=androidx.constraintlayout.widget.ConstraintLayout$LayoutParams@f4d093d, tag=null, root-is-layout-requested=false, has-input-connection=false, x=0.0, y=364.0, text=Tzeitel, input-type=0, ime-target=false, has-links=false}
07-14 09:59:48.149 14689 14778 E TestRunner: |
07-14 09:59:48.149 14689 14778 E TestRunner: +--------->MaterialTextView{id=2131230883, res-name=dog_age, visibility=VISIBLE, width=120, height=71, has-focus=false, has-focusable=false, has-window-focus=true, is-clickable=false, is-enabled=true, is-focused=false, is-focusable=false, is-layout-requested=false, is-selected=false, layout-params=androidx.constraintlayout.widget.ConstraintLayout$LayoutParams@ecbb532, tag=null, root-is-layout-requested=false, has-input-connection=false, x=0.0, y=446.0, text=Age: 7, input-type=0, ime-target=false, has-links=false}
07-14 09:59:48.149 14689 14778 E TestRunner: |
07-14 09:59:48.149 14689 14778 E TestRunner: +--------->MaterialTextView{id=2131230884, res-name=dog_hobbies, visibility=VISIBLE, width=322, height=71, has-focus=false, has-focusable=false, has-window-focus=true, is-clickable=false, is-enabled=true, is-focused=false, is-focusable=false, is-layout-requested=false, is-selected=false, layout-params=androidx.constraintlayout.widget.ConstraintLayout$LayoutParams@49d9283, tag=null, root-is-layout-requested=false, has-input-connection=false, x=368.0, y=446.0, text=Hobbies: sunbathing, input-type=0, ime-target=false, has-links=false}
07-14 09:59:48.149 14689 14778 E TestRunner: |
07-14 09:59:48.149 14689 14778 E TestRunner: +------->MaterialCardView{id=-1, visibility=VISIBLE, width=690, height=517, has-focus=false, has-focusable=false, has-window-focus=true, is-clickable=false, is-enabled=true, is-focused=false, is-focusable=false, is-layout-requested=false, is-selected=false, layout-params=androidx.recyclerview.widget.RecyclerView$LayoutParams@f85fc39, tag=null, root-is-layout-requested=false, has-input-connection=false, x=15.0, y=562.0, is-checked=false, child-count=1}
07-14 09:59:48.149 14689 14778 E TestRunner: |
07-14 09:59:48.149 14689 14778 E TestRunner: +-------->ConstraintLayout{id=-1, visibility=VISIBLE, width=690, height=517, has-focus=false, has-focusable=false, has-window-focus=true, is-clickable=false, is-enabled=true, is-focused=false, is-focusable=false, is-layout-requested=false, is-selected=false, layout-params=android.widget.FrameLayout$LayoutParams@260b88a, tag=null, root-is-layout-requested=false, has-input-connection=false, x=0.0, y=0.0, child-count=4}
07-14 09:59:48.149 14689 14778 E TestRunner: |
07-14 09:59:48.150 14689 14778 E TestRunner: +--------->AppCompatImageView{id=2131230885, res-name=dog_image, visibility=VISIBLE, width=690, height=364, has-focus=false, has-focusable=false, has-window-focus=true, is-clickable=false, is-enabled=true, is-focused=false, is-focusable=false, is-layout-requested=false, is-selected=false, layout-params=androidx.constraintlayout.widget.ConstraintLayout$LayoutParams@24cefb, tag=null, root-is-layout-requested=false, has-input-connection=false, x=0.0, y=0.0}
07-14 09:59:48.150 14689 14778 E TestRunner: |
07-14 09:59:48.150 14689 14778 E TestRunner: +--------->MaterialTextView{id=2131230886, res-name=dog_name, visibility=VISIBLE, width=127, height=82, has-focus=false, has-focusable=false, has-window-focus=true, is-clickable=false, is-enabled=true, is-focused=false, is-focusable=false, is-layout-requested=false, is-selected=false, layout-params=androidx.constraintlayout.widget.ConstraintLayout$LayoutParams@7decb18, tag=null, root-is-layout-requested=false, has-input-connection=false, x=0.0, y=364.0, text=Leroy, input-type=0, ime-target=false, has-links=false}
07-14 09:59:48.150 14689 14778 E TestRunner: |
07-14 09:59:48.150 14689 14778 E TestRunner: +--------->MaterialTextView{id=2131230883, res-name=dog_age, visibility=VISIBLE, width=120, height=71, has-focus=false, has-focusable=false, has-window-focus=true, is-clickable=false, is-enabled=true, is-focused=false, is-focusable=false, is-layout-requested=false, is-selected=false, layout-params=androidx.constraintlayout.widget.ConstraintLayout$LayoutParams@84df971, tag=null, root-is-layout-requested=false, has-input-connection=false, x=0.0, y=446.0, text=Age: 4, input-type=0, ime-target=false, has-links=false}
07-14 09:59:48.150 14689 14778 E TestRunner: |
07-14 09:59:48.150 14689 14778 E TestRunner: +--------->MaterialTextView{id=2131230884, res-name=dog_hobbies, visibility=VISIBLE, width=575, height=71, has-focus=false, has-focusable=false, has-window-focus=true, is-clickable=false, is-enabled=true, is-focused=false, is-focusable=false, is-layout-requested=false, is-selected=false, layout-params=androidx.constraintlayout.widget.ConstraintLayout$LayoutParams@999d356, tag=null, root-is-layout-requested=false, has-input-connection=false, x=115.0, y=446.0, text=Hobbies: sleeping in dangerous places, input-type=0, ime-target=false, has-links=false}
07-14 09:59:48.150 14689 14778 E TestRunner: |
07-14 09:59:48.150 14689 14778 E TestRunner: +------->MaterialCardView{id=-1, visibility=VISIBLE, width=690, height=517, has-focus=false, has-focusable=false, has-window-focus=true, is-clickable=false, is-enabled=true, is-focused=false, is-focusable=false, is-layout-requested=false, is-selected=false, layout-params=androidx.recyclerview.widget.RecyclerView$LayoutParams@58180c4, tag=null, root-is-layout-requested=false, has-input-connection=false, x=15.0, y=1109.0, is-checked=false, child-count=1}
07-14 09:59:48.150 14689 14778 E TestRunner: |
07-14 09:59:48.150 14689 14778 E TestRunner: +-------->ConstraintLayout{id=-1, visibility=VISIBLE, width=690, height=517, has-focus=false, has-focusable=false, has-window-focus=true, is-clickable=false, is-enabled=true, is-focused=false, is-focusable=false, is-layout-requested=false, is-selected=false, layout-params=android.widget.FrameLayout$LayoutParams@10165a9, tag=null, root-is-layout-requested=false, has-input-connection=false, x=0.0, y=0.0, child-count=4}
07-14 09:59:48.150 14689 14778 E TestRunner: |
07-14 09:59:48.150 14689 14778 E TestRunner: +--------->AppCompatImageView{id=2131230885, res-name=dog_image, visibility=VISIBLE, width=690, height=364, has-focus=false, has-focusable=false, has-window-focus=true, is-clickable=false, is-enabled=true, is-focused=false, is-focusable=false, is-layout-requested=false, is-selected=false, layout-params=androidx.constraintlayout.widget.ConstraintLayout$LayoutParams@447f72e, tag=null, root-is-layout-requested=false, has-input-connection=false, x=0.0, y=0.0}
07-14 09:59:48.150 14689 14778 E TestRunner: |
07-14 09:59:48.150 14689 14778 E TestRunner: +--------->MaterialTextView{id=2131230886, res-name=dog_name, visibility=VISIBLE, width=158, height=82, has-focus=false, has-focusable=false, has-window-focus=true, is-clickable=false, is-enabled=true, is-focused=false, is-focusable=false, is-layout-requested=false, is-selected=false, layout-params=androidx.constraintlayout.widget.ConstraintLayout$LayoutParams@b8872cf, tag=null, root-is-layout-requested=false, has-input-connection=false, x=0.0, y=364.0, text=Frankie, input-type=0, ime-target=false, has-links=false}
07-14 09:59:48.150 14689 14778 E TestRunner: |
07-14 09:59:48.150 14689 14778 E TestRunner: +--------->MaterialTextView{id=2131230883, res-name=dog_age, visibility=VISIBLE, width=120, height=71, has-focus=false, has-focusable=false, has-window-focus=true, is-clickable=false, is-enabled=true, is-focused=false, is-focusable=false, is-layout-requested=false, is-selected=false, layout-params=androidx.constraintlayout.widget.ConstraintLayout$LayoutParams@72e245c, tag=null, root-is-layout-requested=false, has-input-connection=false, x=0.0, y=446.0, text=Age: 2, input-type=0, ime-target=false, has-links=false}
07-14 09:59:48.150 14689 14778 E TestRunner: |
07-14 09:59:48.150 14689 14778 E TestRunner: +--------->MaterialTextView{id=2131230884, res-name=dog_hobbies, visibility=VISIBLE, width=366, height=71, has-focus=false, has-focusable=false, has-window-focus=true, is-clickable=false, is-enabled=true, is-focused=false, is-focusable=false, is-layout-requested=false, is-selected=false, layout-params=androidx.constraintlayout.widget.ConstraintLayout$LayoutParams@8e1b365, tag=null, root-is-layout-requested=false, has-input-connection=false, x=324.0, y=446.0, text=Hobbies: stealing socks, input-type=0, ime-target=false, has-links=false}
07-14 09:59:48.150 14689 14778 E TestRunner: |
07-14 09:59:48.150 14689 14778 E TestRunner: +---->ActionBarContainer{id=2131230774, res-name=action_bar_container, visibility=VISIBLE, width=720, height=105, has-focus=false, has-focusable=false, has-window-focus=true, is-clickable=false, is-enabled=true, is-focused=false, is-focusable=false, is-layout-requested=false, is-selected=false, layout-params=androidx.appcompat.widget.ActionBarOverlayLayout$LayoutParams@6a72a48, tag=null, root-is-layout-requested=false, has-input-connection=false, x=0.0, y=0.0, child-count=2}
07-14 09:59:48.150 14689 14778 E TestRunner: |
07-14 09:59:48.150 14689 14778 E TestRunner: +----->Toolbar{id=2131230772, res-name=action_bar, visibility=VISIBLE, width=720, height=105, has-focus=false, has-focusable=false, has-window-focus=true, is-clickable=false, is-enabled=true, is-focused=false, is-focusable=false, is-layout-requested=false, is-selected=false, layout-params=android.widget.FrameLayout$LayoutParams@328a2f4, tag=null, root-is-layout-requested=false, has-input-connection=false, x=0.0, y=0.0, child-count=3}
07-14 09:59:48.150 14689 14778 E TestRunner: |
07-14 09:59:48.150 14689 14778 E TestRunner: +------>AppCompatTextView{id=-1, visibility=VISIBLE, width=158, height=52, has-focus=false, has-focusable=false, has-window-focus=true, is-clickable=false, is-enabled=true, is-focused=false, is-focusable=false, is-layout-requested=false, is-selected=false, layout-params=androidx.appcompat.widget.Toolbar$LayoutParams@6abea1d, tag=null, root-is-layout-requested=false, has-input-connection=false, x=135.0, y=26.0, text=Dogglers, input-type=0, ime-target=false, has-links=false}
07-14 09:59:48.150 14689 14778 E TestRunner: |
07-14 09:59:48.150 14689 14778 E TestRunner: +------>AppCompatImageButton{id=-1, desc=Navigate up, visibility=VISIBLE, width=105, height=105, has-focus=false, has-focusable=false, has-window-focus=true, is-clickable=true, is-enabled=true, is-focused=false, is-focusable=true, is-layout-requested=false, is-selected=false, layout-params=androidx.appcompat.widget.Toolbar$LayoutParams@7f5b492, tag=null, root-is-layout-requested=false, has-input-connection=false, x=0.0, y=0.0}
07-14 09:59:48.150 14689 14778 E TestRunner: |
07-14 09:59:48.150 14689 14778 E TestRunner: +------>ActionMenuView{id=-1, visibility=VISIBLE, width=0, height=105, has-focus=false, has-focusable=false, has-window-focus=true, is-clickable=false, is-enabled=true, is-focused=false, is-focusable=false, is-layout-requested=false, is-selected=false, layout-params=androidx.appcompat.widget.Toolbar$LayoutParams@b8e8e63, tag=null, root-is-layout-requested=false, has-input-connection=false, x=720.0, y=0.0, child-count=0}
07-14 09:59:48.150 14689 14778 E TestRunner: |
07-14 09:59:48.150 14689 14778 E TestRunner: +----->ActionBarContextView{id=2131230780, res-name=action_context_bar, visibility=GONE, width=0, height=0, has-focus=false, has-focusable=false, has-window-focus=true, is-clickable=false, is-enabled=true, is-focused=false, is-focusable=false, is-layout-requested=true, is-selected=false, layout-params=android.widget.FrameLayout$LayoutParams@ea6fa60, tag=null, root-is-layout-requested=false, has-input-connection=false, x=0.0, y=0.0, child-count=0}
07-14 09:59:48.150 14689 14778 E TestRunner: |
07-14 09:59:48.150 14689 14778 E TestRunner: +->View{id=16908336, res-name=navigationBarBackground, visibility=VISIBLE, width=720, height=90, has-focus=false, has-focusable=false, has-window-focus=true, is-clickable=false, is-enabled=true, is-focused=false, is-focusable=false, is-layout-requested=false, is-selected=false, layout-params=android.widget.FrameLayout$LayoutParams@3a20b19, tag=null, root-is-layout-requested=false, has-input-connection=false, x=0.0, y=1510.0}
07-14 09:59:48.150 14689 14778 E TestRunner: |
07-14 09:59:48.150 14689 14778 E TestRunner: +->View{id=16908335, res-name=statusBarBackground, visibility=VISIBLE, width=720, height=58, has-focus=false, has-focusable=false, has-window-focus=true, is-clickable=false, is-enabled=true, is-focused=false, is-focusable=false, is-layout-requested=false, is-selected=false, layout-params=android.widget.FrameLayout$LayoutParams@9b687de, tag=null, root-is-layout-requested=false, has-input-connection=false, x=0.0, y=0.0}
07-14 09:59:48.150 14689 14778 E TestRunner: 	at dalvik.system.VMStack.getThreadStackTrace(Native Method)
07-14 09:59:48.150 14689 14778 E TestRunner: 	at java.lang.Thread.getStackTrace(Thread.java:1724)
07-14 09:59:48.150 14689 14778 E TestRunner: 	at androidx.test.espresso.base.DefaultFailureHandler.getUserFriendlyError(DefaultFailureHandler.java:12)
07-14 09:59:48.150 14689 14778 E TestRunner: 	at androidx.test.espresso.base.DefaultFailureHandler.handle(DefaultFailureHandler.java:7)
07-14 09:59:48.150 14689 14778 E TestRunner: 	at androidx.test.espresso.ViewInteraction.waitForAndHandleInteractionResults(ViewInteraction.java:8)
07-14 09:59:48.150 14689 14778 E TestRunner: 	at androidx.test.espresso.ViewInteraction.check(ViewInteraction.java:12)
07-14 09:59:48.150 14689 14778 E TestRunner: 	at com.example.dogglers.BaseTest.hasListItemContent(BaseTest.kt:59)
07-14 09:59:48.150 14689 14778 E TestRunner: 	at com.example.dogglers.BaseTest.checkFirstPosition(BaseTest.kt:70)
07-14 09:59:48.150 14689 14778 E TestRunner: 	at com.example.dogglers.VerticalListTests.vertical_scroll_content_at_first_position(VerticalListTests.kt:42)
07-14 09:59:48.150 14689 14778 E TestRunner: 	at java.lang.reflect.Method.invoke(Native Method)
07-14 09:59:48.150 14689 14778 E TestRunner: 	at org.junit.runners.model.FrameworkMethod$1.runReflectiveCall(FrameworkMethod.java:50)
07-14 09:59:48.150 14689 14778 E TestRunner: 	at org.junit.internal.runners.model.ReflectiveCallable.run(ReflectiveCallable.java:12)
07-14 09:59:48.150 14689 14778 E TestRunner: 	at org.junit.runners.model.FrameworkMethod.invokeExplosively(FrameworkMethod.java:47)
07-14 09:59:48.150 14689 14778 E TestRunner: 	at org.junit.internal.runners.statements.InvokeMethod.evaluate(InvokeMethod.java:17)
07-14 09:59:48.150 14689 14778 E TestRunner: 	at org.junit.rules.ExternalResource$1.evaluate(ExternalResource.java:48)
07-14 09:59:48.150 14689 14778 E TestRunner: 	at org.junit.rules.RunRules.evaluate(RunRules.java:20)
07-14 09:59:48.150 14689 14778 E TestRunner: 	at org.junit.runners.ParentRunner.runLeaf(ParentRunner.java:325)
07-14 09:59:48.150 14689 14778 E TestRunner: 	at org.junit.runners.BlockJUnit4ClassRunner.runChild(BlockJUnit4ClassRunner.java:78)
07-14 09:59:48.150 14689 14778 E TestRunner: 	at org.junit.runners.BlockJUnit4ClassRunner.runChild(BlockJUnit4ClassRunner.java:57)
07-14 09:59:48.150 14689 14778 E TestRunner: 	at org.junit.runners.ParentRunner$3.run(ParentRunner.java:290)
07-14 09:59:48.150 14689 14778 E TestRunner: 	at org.junit.runners.ParentRunner$1.schedule(ParentRunner.java:71)
07-14 09:59:48.150 14689 14778 E TestRunner: 	at org.junit.runners.ParentRunner.runChildren(ParentRunner.java:288)
07-14 09:59:48.150 14689 14778 E TestRunner: 	at org.junit.runners.ParentRunner.access$000(ParentRunner.java:58)
07-14 09:59:48.150 14689 14778 E TestRunner: 	at org.junit.runners.ParentRunner$2.evaluate(ParentRunner.java:268)
07-14 09:59:48.150 14689 14778 E TestRunner: 	at org.junit.runners.ParentRunner.run(ParentRunner.java:363)
07-14 09:59:48.150 14689 14778 E TestRunner: 	at androidx.test.ext.junit.runners.AndroidJUnit4.run(AndroidJUnit4.java:162)
07-14 09:59:48.150 14689 14778 E TestRunner: 	at org.junit.runners.Suite.runChild(Suite.java:128)
07-14 09:59:48.150 14689 14778 E TestRunner: 	at org.junit.runners.Suite.runChild(Suite.java:27)
07-14 09:59:48.150 14689 14778 E TestRunner: 	at org.junit.runners.ParentRunner$3.run(ParentRunner.java:290)
