07-14 09:59:46.972 14689 14778 I TestRunner: started: vertical_scroll_content_at_first_position(com.example.dogglers.VerticalListTests)
07-14 09:59:46.987 14689 14778 W Settings: Setting always_finish_activities has moved from android.provider.Settings.System to android.provider.Settings.Global, returning read-only value.
07-14 09:59:47.002 14689 14778 D CompatibilityChangeReporter: Compat change id reported: 160794467; UID 10544; state: ENABLED
07-14 09:59:47.007  1426  2178 I SemDvfsHyPerManager: acquire hyper - AMS_APP_SWITCH/1426@27, type = -999
07-14 09:59:47.007  1426  2747 D PkgPredictorService-IpmAdcpController: create a new DexPreloadTask pkg:com.example.dogglers  path:/data/app/~~K29iOoxhmlyu2h3myu_0dw==/com.example.dogglers-RivReb84qcwKBqdZkUU_Qw==
07-14 09:59:47.008   803   861 I HYPER-HAL: [RequestManager.cpp]acquire(): Acquired ID : 1056358  [1426 / 27]    HINT : AMS_ACT_SWITCH    list :
07-14 09:59:47.008   849  7953 I SurfaceFlinger: id=24439 createSurf (0x0),-1 flag=24004, Task=1116#0
07-14 09:59:47.009   803   861 I mtkpower_client: perf_lock_acq, hdl:0, dur:0, num:2, tid:861
07-14 09:59:47.009  3933  3933 I SemDvfsHyPerManager: acquire hyper - APP_START_SHORT/3933@15, type = -999
07-14 09:59:47.009  1426  2178 E libprocessgroup: Failed to write '0-5' to /dev/cpuset/system-background/cpus: Permission denied
07-14 09:59:47.010  1426  2178 W libprocessgroup: Failed to find DoSomethingOlaftask profile: Permission denied
07-14 09:59:47.010   803   861 I mtkpower_client: ret_hdl:24373
07-14 09:59:47.010   808   897 I libPowerHal: [perfLockAcq] idx:0 hdl:24373 hint:-1 pid:803 duration:0 lock_user:vendor.samsung. => ret_hdl:24373
07-14 09:59:47.010   803   861 I mtkpower_client: perf_lock_acq, hdl:0, dur:0, num:2, tid:861
07-14 09:59:47.011   808   897 I libPowerHal: [PE] (less) /proc/mcdi/state set +prefix:enable 0;
07-14 09:59:47.011   803   861 I mtkpower_client: ret_hdl:24374
07-14 09:59:47.011   803   861 I mtkpower_client: perf_lock_acq, hdl:0, dur:0, num:2, tid:861
07-14 09:59:47.011   808   897 I libPowerHal: [perfLockAcq] idx:1 hdl:24374 hint:-1 pid:803 duration:0 lock_user:vendor.samsung. => ret_hdl:24374
07-14 09:59:47.012   808   897 I libPowerHal: vendor.samsung.: cpu_ctrl set cpu freq: 1800000 -1 -1 -1
07-14 09:59:47.012   803   861 I mtkpower_client: ret_hdl:24375
07-14 09:59:47.012   808   897 I libPowerHal: [perfLockAcq] idx:2 hdl:24375 hint:-1 pid:803 duration:0 lock_user:vendor.samsung. => ret_hdl:24375
07-14 09:59:47.012   803   861 I HYPER-HAL: [RequestManager.cpp]acquire(): Acquired ID : 7795341  [3933 / 15]    HINT : APP_START    list : [TIMEOUT / 1500]
07-14 09:59:47.012   808   897 I libPowerHal: [PE] vendor.samsung. update cmd:1000000, param:0
07-14 09:59:47.012   808   897 I libPowerHal: [PE] vendor.samsung. update cmd:1000000 param:0
07-14 09:59:47.014   849  7953 I SurfaceFlinger: id=24440 createSurf (0x0),-1 flag=80004, ActivityRecord{57dbf3e u0 com.example.dogglers/androidx.test.core.app.InstrumentationActivityInvoker$BootstrapActivity t1116}#0
07-14 09:59:47.015   808   841 I mtkpower@impl: [setMode] type:5, enabled:1
07-14 09:59:47.020  1426  3962 I SemDvfsHyPerManager: acquire hyper - AMS_APP_LAUNCH/1426@14, type = -999
07-14 09:59:47.020   793   901 I hwcomposer: [HWCDisplay] [Display_0 (type:1)] fps:2.197875,dur:2274.92,max:1578.52,min:10.77
07-14 09:59:47.020   803   861 I HYPER-HAL: [RequestManager.cpp]acquire(): Acquired ID : 1037534  [1426 / 14]    HINT : AMS_APP_LAUNCH    list :
07-14 09:59:47.020   803   861 I mtkpower_client: perf_lock_rel, hdl:24373, tid:861
07-14 09:59:47.020   849  7953 I SurfaceFlinger: [SF client] NEW(0xb40000774c363100) for (1833:com.android.systemui)
07-14 09:59:47.020   803   861 I mtkpower_client: perf_lock_acq, hdl:0, dur:0, num:2, tid:861
07-14 09:59:47.021   808   897 I libPowerHal: [perfLockRel] hdl:24373, idx:0
07-14 09:59:47.021   808   897 I libPowerHal: [PD] vendor.samsung. update cmd:1c3c000, param:1
07-14 09:59:47.021   808   897 I libPowerHal: [PD] (less) /proc/mcdi/state set +prefix:enable 1;
07-14 09:59:47.021  3933  3933 I SemDvfsHyPerManager: acquire hyper - APP_START/3933@16, type = -999
07-14 09:59:47.022   808   897 I libPowerHal: [perfLockAcq] idx:3 hdl:24376 hint:-1 pid:803 duration:0 lock_user:vendor.samsung. => ret_hdl:24376
07-14 09:59:47.022   803   861 I mtkpower_client: ret_hdl:24376
07-14 09:59:47.022   803   861 I mtkpower_client: perf_lock_rel, hdl:24374, tid:861
07-14 09:59:47.022  2306  2306 I BaseActivity: removeActivityFlags, flags : 16
07-14 09:59:47.022   808   897 I libPowerHal: [PE] (less) /proc/mcdi/state set +prefix:enable 0;
07-14 09:59:47.022  2306  2306 I BaseActivity: removeActivityFlags, flags : 6
07-14 09:59:47.023  2306  2306 I DragController: endDrag
07-14 09:59:47.023   803   861 I mtkpower_client: perf_lock_acq, hdl:0, dur:0, num:2, tid:861
07-14 09:59:47.023  2306  2306 W LauncherAppWidgetHost: setShouldListenFlag, mFlags:15 flag:resume on:false isFront:false
07-14 09:59:47.023   808   897 I libPowerHal: [perfLockRel] hdl:24374, idx:1
07-14 09:59:47.023   808   897 I libPowerHal: vendor.samsung.: cpu_ctrl set cpu freq: -1 -1 -1 -1
07-14 09:59:47.023  2306  2306 I DecorView: notifyKeepScreenOnChanged: keepScreenOn=false
07-14 09:59:47.024   803   861 I mtkpower_client: ret_hdl:24377
07-14 09:59:47.024   803   861 I mtkpower_client: perf_lock_rel, hdl:24375, tid:861
07-14 09:59:47.024   808   897 I libPowerHal: [perfLockAcq] idx:0 hdl:24377 hint:-1 pid:803 duration:0 lock_user:vendor.samsung. => ret_hdl:24377
07-14 09:59:47.024  2306  2306 I SPayUpdater: updateSpayHandler launcher activity is paused false
07-14 09:59:47.024  1426  7235 D InputTransport: Input channel constructed: '512914a', fd=781
07-14 09:59:47.024  1426  7235 D InputTransport: Input channel constructed: '512914a', fd=884
07-14 09:59:47.024   808   897 I libPowerHal: vendor.samsung.: cpu_ctrl set cpu freq: 1800000 -1 -1 -1
07-14 09:59:47.024  1426  7235 D InputTransport: Input channel constructed: '512914a', fd=888
07-14 09:59:47.024   803   861 I mtkpower_client: perf_lock_acq, hdl:0, dur:0, num:2, tid:861
07-14 09:59:47.025   808   897 I libPowerHal: [perfLockRel] hdl:24375, idx:2
07-14 09:59:47.025   808   897 I libPowerHal: [PD] vendor.samsung. update cmd:1000000, param:-1
07-14 09:59:47.025   808   897 I libPowerHal: [PD] vendor.samsung. update cmd:1000000 param:-1
07-14 09:59:47.025   849   922 I SurfaceFlinger: id=24441 createSurf (0x0),-1 flag=80004, 512914a Splash Screen com.example.dogglers#0
07-14 09:59:47.025   803   861 I mtkpower_client: ret_hdl:24378
07-14 09:59:47.025   808   897 I libPowerHal: [perfLockAcq] idx:1 hdl:24378 hint:-1 pid:803 duration:0 lock_user:vendor.samsung. => ret_hdl:24378
07-14 09:59:47.025   803   861 I HYPER-HAL: [RequestManager.cpp]acquire(): Acquired ID : 7799291  [3933 / 16]    HINT : APP_START    list :
07-14 09:59:47.025   808   897 I libPowerHal: [PE] vendor.samsung. update cmd:1000000, param:0
07-14 09:59:47.026   808   897 I libPowerHal: [PE] vendor.samsung. update cmd:1000000 param:0
07-14 09:59:47.026  1426  7235 D InputTransport: Input channel destroyed: '512914a', fd=888
07-14 09:59:47.027  1833  1998 I ViewRootImpl@1c1ef69[dogglers]: setView = android.widget.FrameLayout@4811925 TM=true
07-14 09:59:47.031  1426  3962 D InputDispatcher: Focused application set to (0): 57dbf3e
07-14 09:59:47.036  1426  3962 V WindowManager: Relayout Window{6226236 u0 com.sec.android.app.launcher/com.sec.android.app.launcher.activities.LauncherActivity}: viewVisibility=0 req=720x1600 d0
07-14 09:59:47.038  1426  3962 V WindowManager: Relayout hash=6226236, pid=2306: mAttrs={(0,0)(fillxfill) sim={adjust=nothing} layoutInDisplayCutoutMode=shortEdges ty=BASE_APPLICATION fmt=TRANSPARENT wanim=0x10302f2
07-14 09:59:47.038  1426  3962 V WindowManager:   fl=81910100
07-14 09:59:47.038  1426  3962 V WindowManager:   pfl=1e020040
07-14 09:59:47.038  1426  3962 V WindowManager:   vsysui=1700
07-14 09:59:47.038  1426  3962 V WindowManager:   bhv=SHOW_TRANSIENT_BARS_BY_SWIPE
07-14 09:59:47.038  1426  3962 V WindowManager:   fitSides= naviIconColor=0}
07-14 09:59:47.039  1426  7235 V WindowManager: Relayout Window{512914a u0 Splash Screen com.example.dogglers}: viewVisibility=0 req=720x1600 d0
07-14 09:59:47.039   849   922 E BufferQueueDebug: [Splash Screen com.example.dogglers$_1833#0](this:0xb400007747182948,id:-1,api:0,p:-1,c:-1) id info cannot be read from 'Splash Screen com.example.dogglers$_1833#0'
07-14 09:59:47.039  2306  2306 I ViewRootImpl@346ff4a[LauncherActivity]: Relayout returned: old=(0,0,720,1600) new=(0,0,720,1600) req=(720,1600)0 dur=3 res=0x1 s={true -5476376632780173312} ch=false fn=4
07-14 09:59:47.039   849   922 I BufferQueueDebug: [Splash Screen com.example.dogglers$_1833#0](this:0xb400007747182948,id:-1,api:0,p:-1,c:-1) BufferQueue core=(849:/system/bin/surfaceflinger)
07-14 09:59:47.040 14689 14784 D OpenGLRenderer: RenderThread::requireGlContext()
07-14 09:59:47.040   849   849 I SurfaceFlinger: [6226236 com.sec.android.app.launcher/com.sec.android.app.launcher.activities.LauncherActivity#0] FrameRatePriority: -1
07-14 09:59:47.040   849   922 I SurfaceFlinger: id=24442 createSurf (720x1600),-3 flag=40004, Splash Screen com.example.dogglers$_1833#0
07-14 09:59:47.040 14689 14784 D libMEOW : meow new tls: 0xb40000784f665ac0
07-14 09:59:47.040 14689 14784 D libMEOW : meow reload base cfg path: na
07-14 09:59:47.040 14689 14784 D libMEOW : meow reload overlay cfg path: na
07-14 09:59:47.041  1426  3962 D InputDispatcher: Focus left window (0): 6226236 com.sec.android.app.launcher/com.sec.android.app.launcher.activities.LauncherActivity
07-14 09:59:47.041 14689 14784 E QT      : [QT]file does not exist
07-14 09:59:47.042 14689 14784 D libMEOW : applied 2 plugins for [com.example.dogglers]:
07-14 09:59:47.042 14689 14784 D libMEOW :   plugin 1: [libMEOW_gift.so]:
07-14 09:59:47.042 14689 14784 D libMEOW :   plugin 2: [libMEOW_semaphore]:
07-14 09:59:47.042  1426  7235 V WindowManager: Relayout hash=512914a, pid=1833: mAttrs={(0,0)(fillxfill) sim={adjust=pan} ty=APPLICATION_STARTING fmt=TRANSLUCENT wanim=0x1030001
07-14 09:59:47.042  1426  7235 V WindowManager:   fl=81030118
07-14 09:59:47.042  1426  7235 V WindowManager:   pfl=36000010
07-14 09:59:47.042  1426  7235 V WindowManager:   bhv=DEFAULT
07-14 09:59:47.042  1426  7235 V WindowManager:   fitSides= naviIconColor=0}
07-14 09:59:47.042  2306  2306 I ViewRootImpl@346ff4a[LauncherActivity]: MSG_WINDOW_FOCUS_CHANGED 0 1
07-14 09:59:47.043  2306  2306 I BaseActivity: removeActivityFlags, flags : 8
07-14 09:59:47.043  1833  1998 I BufferQueueConsumer: [](id:729000002f1,api:0,p:-1,c:1833) connect: controlledByApp=false
07-14 09:59:47.044  1833  1998 I BLASTBufferQueue: [ViewRootImpl@1c1ef69[dogglers]#753] constructor()
07-14 09:59:47.044  1833  1998 I ViewRootImpl@1c1ef69[dogglers]: Relayout returned: old=(0,0,720,1600) new=(0,0,720,1600) req=(720,1600)0 dur=14 res=0x7 s={true -5476376634000142336} ch=true fn=-1
07-14 09:59:47.045  1833  2065 I BufferQueueProducer: [ViewRootImpl@1c1ef69[dogglers]#753(BLAST Consumer)753](id:729000002f1,api:1,p:1833,c:1833) connect: api=1 producerControlledByApp=true
07-14 09:59:47.045  1833  2065 D OpenGLRenderer: eglCreateWindowSurface
07-14 09:59:47.046  1833  1998 I ViewRootImpl@1c1ef69[dogglers]: [DP] dp(1) 0 android.view.ViewRootImpl.reportNextDraw:11387 android.view.ViewRootImpl.performTraversals:4185 android.view.ViewRootImpl.doTraversal:2911
07-14 09:59:47.046  1833  1998 D ViewRootImpl@1c1ef69[dogglers]: Creating frameDrawingCallback nextDrawUseBlastSync=false reportNextDraw=true hasBlurUpdates=false
07-14 09:59:47.046  1833  1998 D ViewRootImpl@1c1ef69[dogglers]: Creating frameCompleteCallback
07-14 09:59:47.050  1833  2526 D ViewRootImpl@1c1ef69[dogglers]: Received frameDrawingCallback frameNum=1. Creating transactionCompleteCallback=false
07-14 09:59:47.051   849   849 I BufferQueueProducer: [com.sec.android.app.launcher/com.sec.android.app.launcher.activities.LauncherActivity$_2306#0](this:0xb4000077470b8948,id:-1,api:0,p:-1,c:849) queueBuffer: fps=0.62 dur=1611.12 max=1611.12 min=1611.12
07-14 09:59:47.052  2306  2306 I BadgeRenderer: Invalid count : 0
07-14 09:59:47.052  2306  2306 I BadgeRenderer: Invalid count : 0
07-14 09:59:47.053  2306  2306 I BadgeRenderer: Invalid count : 0
07-14 09:59:47.058  1426  1732 W SemWifiTransportLayerUtils: getApplicationCategory - IOException com.example.dogglers
07-14 09:59:47.058  1426  1732 W System.err: java.net.UnknownHostException: Unable to resolve host "play.google.com": No address associated with hostname
07-14 09:59:47.058  1426  1732 W System.err: 	at java.net.Inet6AddressImpl.lookupHostByName(Inet6AddressImpl.java:156)
07-14 09:59:47.058  1426  1732 W System.err: 	at java.net.Inet6AddressImpl.lookupAllHostAddr(Inet6AddressImpl.java:103)
07-14 09:59:47.058  1426  1732 W System.err: 	at java.net.InetAddress.getAllByName(InetAddress.java:1152)
07-14 09:59:47.058  1426  1732 W System.err: 	at com.android.okhttp.Dns$1.lookup(Dns.java:41)
07-14 09:59:47.058  1426  1732 W System.err: 	at com.android.okhttp.internal.http.RouteSelector.resetNextInetSocketAddress(RouteSelector.java:178)
07-14 09:59:47.058  1426  1732 W System.err: 	at com.android.okhttp.internal.http.RouteSelector.nextProxy(RouteSelector.java:144)
07-14 09:59:47.058  1426  1732 W System.err: 	at com.android.okhttp.internal.http.RouteSelector.next(RouteSelector.java:86)
07-14 09:59:47.058  1426  1732 W System.err: 	at com.android.okhttp.internal.http.StreamAllocation.findConnection(StreamAllocation.java:176)
07-14 09:59:47.058  1426  1732 W System.err: 	at com.android.okhttp.internal.http.StreamAllocation.findHealthyConnection(StreamAllocation.java:128)
07-14 09:59:47.058  1426  1732 W System.err: 	at com.android.okhttp.internal.http.StreamAllocation.newStream(StreamAllocation.java:97)
07-14 09:59:47.058  1426  1732 W System.err: 	at com.android.okhttp.internal.http.HttpEngine.connect(HttpEngine.java:289)
07-14 09:59:47.058  1426  1732 W System.err: 	at com.android.okhttp.internal.http.HttpEngine.sendRequest(HttpEngine.java:232)
07-14 09:59:47.058  1426  1732 W System.err: 	at com.android.okhttp.internal.huc.HttpURLConnectionImpl.execute(HttpURLConnectionImpl.java:465)
07-14 09:59:47.059  1426  1732 W System.err: 	at com.android.okhttp.internal.huc.HttpURLConnectionImpl.getResponse(HttpURLConnectionImpl.java:411)
07-14 09:59:47.059  1426  1732 W System.err: 	at com.android.okhttp.internal.huc.HttpURLConnectionImpl.getInputStream(HttpURLConnectionImpl.java:248)
07-14 09:59:47.059  1426  1732 W System.err: 	at com.android.okhttp.internal.huc.DelegatingHttpsURLConnection.getInputStream(DelegatingHttpsURLConnection.java:211)
07-14 09:59:47.059  1426  1732 W System.err: 	at com.android.okhttp.internal.huc.HttpsURLConnectionImpl.getInputStream(HttpsURLConnectionImpl.java:30)
07-14 09:59:47.059  1426  1732 W System.err: 	at com.samsung.android.server.wifi.tcp.SemWifiTransportLayerUtils.getApplicationCategory(SemWifiTransportLayerUtils.java:104)
07-14 09:59:47.059  1426  1732 W System.err: 	at com.samsung.android.server.wifi.tcp.SemWifiTransportLayerMonitor$TcpMonitorHandler.handleMessage(SemWifiTransportLayerMonitor.java:244)
07-14 09:59:47.059  1426  1732 W System.err: 	at android.os.Handler.dispatchMessage(Handler.java:106)
07-14 09:59:47.059  1426  1732 W System.err: 	at android.os.Looper.loopOnce(Looper.java:226)
07-14 09:59:47.059  1426  1732 W System.err: 	at android.os.Looper.loop(Looper.java:313)
07-14 09:59:47.059  1426  1732 W System.err: 	at android.os.HandlerThread.run(HandlerThread.java:67)
07-14 09:59:47.059  1426  1732 W System.err: Caused by: android.system.GaiException: android_getaddrinfo failed: EAI_NODATA (No address associated with hostname)
07-14 09:59:47.059  1426  1732 W System.err: 	at libcore.io.Linux.android_getaddrinfo(Native Method)
07-14 09:59:47.059  1426  1732 W System.err: 	at libcore.io.ForwardingOs.android_getaddrinfo(ForwardingOs.java:136)
07-14 09:59:47.059  1426  1732 W System.err: 	at libcore.io.BlockGuardOs.android_getaddrinfo(BlockGuardOs.java:221)
07-14 09:59:47.059  1426  1732 W System.err: 	at java.net.Inet6AddressImpl.lookupHostByName(Inet6AddressImpl.java:135)
07-14 09:59:47.059  1426  1732 W System.err: 	... 22 more
07-14 09:59:47.059  1426  1732 D SemWifiTransportLayerMonitor.TcpMonitorHandler: MSG_SAVE_PACKAGE_INFO
07-14 09:59:47.059  1426  1732 D SemWifiTransportLayerFileManager: saveWifiPackageInfoToFile
07-14 09:59:47.059  1426  1732 D SemWifiTransportLayerFileManager: writeWifiPackageInfoList
07-14 09:59:47.059  1833  2065 D ViewRootImpl@1c1ef69[dogglers]: Received frameCompleteCallback  lastAcquiredFrameNum=1 lastAttemptedDrawFrameNum=1
07-14 09:59:47.059  1426  1746 D NetdEventListenerService: DNS Requested by : 0, 1000, 7
07-14 09:59:47.060  1833  1998 I ViewRootImpl@1c1ef69[dogglers]: [DP] pdf(0) 0 android.view.ViewRootImpl.lambda$addFrameCompleteCallbackIfNeeded$3$ViewRootImpl:4987 android.view.ViewRootImpl$$ExternalSyntheticLambda16.run:6 android.os.Handler.handleCallback:938
07-14 09:59:47.060  1833  1998 I ViewRootImpl@1c1ef69[dogglers]: [DP] rdf()
07-14 09:59:47.060  1833  1998 D ViewRootImpl@1c1ef69[dogglers]: reportDrawFinished (fn: -1)
07-14 09:59:47.063  1833  1833 D FullscreenTaskListener: Fullscreen Task Appeared: #1116, caller=com.android.wm.shell.ShellTaskOrganizer.onTaskAppeared:387 com.android.wm.shell.ShellTaskOrganizer.onTaskAppeared:376 android.window.TaskOrganizer$1.lambda$onTaskAppeared$4$TaskOrganizer$1:297
07-14 09:59:47.064   849   922 I SurfaceFlinger: id=24443 createSurf (0x0),-1 flag=24000, Surface(name=Task=1)/@0x54f7491 - animation-leash of app_transition#0
07-14 09:59:47.067 14689 14784 D hw-ProcessState: Binder ioctl to enable oneway spam detection failed: Invalid argument
07-14 09:59:47.067   493   493 I hwservicemanager: getTransport: Cannot find entry android.hardware.configstore@1.0::ISurfaceFlingerConfigs/default in either framework or device VINTF manifest.
07-14 09:59:47.067   849   922 I SurfaceFlinger: id=24444 createSurf (0x0),-1 flag=24004, Surface(name=Task=1116)/@0xdce725 - animation-leash of app_transition#0
07-14 09:59:47.068 14689 14784 E OpenGLRenderer: Device claims wide gamut support, cannot find matching config, error = EGL_SUCCESS
07-14 09:59:47.068 14689 14784 W OpenGLRenderer: Failed to initialize 101010-2 format, error = EGL_SUCCESS
07-14 09:59:47.070   849   922 I SurfaceFlinger: id=24445 createSurf (0x0),-1 flag=24000, Surface(name=229b753 StatusBar)/@0xf6813df - animation-leash of insets_animation#1
07-14 09:59:47.071   849   922 I SurfaceFlinger: id=24446 createSurf (0x0),-1 flag=24000, Surface(name=9917522 NavigationBar0)/@0xe14f88a - animation-leash of insets_animation#1
07-14 09:59:47.073 14689 14784 D OpenGLRenderer: RenderThread::setGrContext()
07-14 09:59:47.073  1833  1998 D InsetsSourceConsumer: ensureControlAlpha: for ITYPE_NAVIGATION_BAR on Splash Screen com.example.dogglers
07-14 09:59:47.074   849   849 I Layer   : id=24434 removedFromDrawingState Surface(name=229b753 StatusBar)/@0xf6813df - animation-leash of insets_animation#0 (105)
07-14 09:59:47.074   849   849 I Layer   : id=24435 removedFromDrawingState Surface(name=9917522 NavigationBar0)/@0xe14f88a - animation-leash of insets_animation#0 (105)
07-14 09:59:47.074   849   849 I SurfaceFlinger: id=24434 Removed Surface(name=229b753 StatusBar)/@0xf6813df - animation-leash of insets_animation#0 (105)
07-14 09:59:47.074   849   849 I SurfaceFlinger: id=24435 Removed Surface(name=9917522 NavigationBar0)/@0xe14f88a - animation-leash of insets_animation#0 (105)
07-14 09:59:47.074  2306  8257 I TouchInteractionService: onSystemUiStateChanged, stateFlags : 131072
07-14 09:59:47.074  2306  2306 I TouchInteractionService: onSystemUiFlagsChanged, userUnlocked
07-14 09:59:47.074   849   849 I Layer   : id=24434 Destroyed Surface(name=229b753 StatusBar)/@0xf6813df - animation-leash of insets_animation#0
07-14 09:59:47.074  1833  1998 D InsetsSourceConsumer: ensureControlAlpha: for ITYPE_STATUS_BAR on Splash Screen com.example.dogglers
07-14 09:59:47.074   849   849 I Layer   : id=24435 Destroyed Surface(name=9917522 NavigationBar0)/@0xe14f88a - animation-leash of insets_animation#0
07-14 09:59:47.076 14689 14689 D LifecycleMonitor: Lifecycle status change: androidx.test.core.app.InstrumentationActivityInvoker$BootstrapActivity@2a699a8 in: PRE_ON_CREATE
07-14 09:59:47.077 14689 14689 V ActivityScenario: Activity lifecycle changed event received but ignored because the intent does not match. startActivityIntent=Intent { act=android.intent.action.MAIN cat=[android.intent.category.LAUNCHER] cmp=com.example.dogglers/.VerticalListActivity }, activity.getIntent()=Intent { act=android.intent.action.MAIN cat=[android.intent.category.LAUNCHER] flg=0x10008000 cmp=com.example.dogglers/androidx.test.core.app.InstrumentationActivityInvoker$BootstrapActivity (has extras) }, activity=androidx.test.core.app.InstrumentationActivityInvoker$BootstrapActivity@2a699a8
07-14 09:59:47.091 14689 14689 I DecorView: [INFO] isPopOver=false, config=true
07-14 09:59:47.091 14689 14689 I DecorView: updateCaptionType >> DecorView@39fa854[], isFloating=false, isApplication=true, hasWindowControllerCallback=true, hasWindowDecorCaption=false
07-14 09:59:47.091 14689 14689 D DecorView: setCaptionType = 0, this = DecorView@39fa854[]
07-14 09:59:47.091   849   849 I BufferQueueProducer: [FramebufferSurface](this:0xb40000776ee796e0,id:-1,api:1,p:849,c:849) queueBuffer: fps=2.53 dur=15787.52 max=15354.42 min=9.65
07-14 09:59:47.093   849   849 D SurfaceFlinger: Display 0 HWC layers:
07-14 09:59:47.093   849   849 D SurfaceFlinger:      DEVICE | 0xb40000774bc0a300 | 0100 | RGBx_8888    |  440.0    0.0 1160.0 1600.0 |    0    0  720 1600 | Wallpaper BBQ wrapper#0
07-14 09:59:47.093   849   849 D SurfaceFlinger:      DEVICE | 0xb40000776d254a80 | 0100 | RGBA_8888    |    0.0    0.0  720.0 1600.0 |    0    0  720 1600 | com.sec.android.app.launcher/com.sec[...].activities.LauncherActivity$_2306#0
07-14 09:59:47.093   849   849 D SurfaceFlinger:      CLIENT | 0xb40000774703fe00 | 0100 | RGBA_8888    |    0.0    0.0  720.0 1600.0 |   52  115  668 1485 | Splash Screen com.example.dogglers$_1833#0
07-14 09:59:47.093   849   849 D SurfaceFlinger:      CLIENT | 0xb40000774703f680 | 0100 | RGBA_8888    |    0.0    0.0  720.0   53.0 |    0    0  720   53 | StatusBar$_1833#0
07-14 09:59:47.093   849   849 D SurfaceFlinger:      CLIENT | 0xb40000776d256400 | 0100 | RGBA_8888    |    0.0    0.0  720.0   90.0 |    0 1510  720 1600 | NavigationBar0$_1833#0
07-14 09:59:47.093   849   849 D SurfaceFlinger:      DEVICE | 0xb40000776d256580 | 0140 | RGBA_8888    |    0.0    0.0  720.0   86.0 |    0    0  720   86 | ScreenDecorOverlay$_1833#0
07-14 09:59:47.093   849   849 D SurfaceFlinger:      DEVICE | 0xb40000776d255e00 | 0140 | RGBA_8888    |    0.0    0.0  720.0   77.0 |    0 1523  720 1600 | ScreenDecorOverlayBottom$
07-14 09:59:47.093   849   849 D SurfaceFlinger: _1833#0
07-14 09:59:47.093   849   849 D SurfaceFlinger:
07-14 09:59:47.093   849   849 D SurfaceFlinger: GPIS:: requestGPIS
07-14 09:59:47.101 14689 14689 I DecorView: getCurrentDensityDpi: from real metrics. densityDpi=300 msg=resources_loaded
07-14 09:59:47.103 14689 14689 D LifecycleMonitor: Lifecycle status change: androidx.test.core.app.InstrumentationActivityInvoker$BootstrapActivity@2a699a8 in: CREATED
07-14 09:59:47.104 14689 14689 V ActivityScenario: Activity lifecycle changed event received but ignored because the intent does not match. startActivityIntent=Intent { act=android.intent.action.MAIN cat=[android.intent.category.LAUNCHER] cmp=com.example.dogglers/.VerticalListActivity }, activity.getIntent()=Intent { act=android.intent.action.MAIN cat=[android.intent.category.LAUNCHER] flg=0x10008000 cmp=com.example.dogglers/androidx.test.core.app.InstrumentationActivityInvoker$BootstrapActivity (has extras) }, activity=androidx.test.core.app.InstrumentationActivityInvoker$BootstrapActivity@2a699a8
07-14 09:59:47.106 14689 14689 D LifecycleMonitor: Lifecycle status change: androidx.test.core.app.InstrumentationActivityInvoker$BootstrapActivity@2a699a8 in: STARTED
07-14 09:59:47.108 14689 14689 V ActivityScenario: Activity lifecycle changed event received but ignored because the intent does not match. startActivityIntent=Intent { act=android.intent.action.MAIN cat=[android.intent.category.LAUNCHER] cmp=com.example.dogglers/.VerticalListActivity }, activity.getIntent()=Intent { act=android.intent.action.MAIN cat=[android.intent.category.LAUNCHER] flg=0x10008000 cmp=com.example.dogglers/androidx.test.core.app.InstrumentationActivityInvoker$BootstrapActivity (has extras) }, activity=androidx.test.core.app.InstrumentationActivityInvoker$BootstrapActivity@2a699a8
07-14 09:59:47.114   849  1602 I SurfaceFlinger: id=24447 createSurf (0x0),-1 flag=80004, ActivityRecord{a623b7f u0 com.example.dogglers/.VerticalListActivity t1116}#0
07-14 09:59:47.115   808   841 I mtkpower@impl: [setMode] type:5, enabled:1
07-14 09:59:47.118  1833  2001 I ViewRootImpl@1c1ef69[dogglers]: Resizing android.view.ViewRootImpl@83f2afa: frame=[0,0][720,1600] reportDraw=false forceLayout=false backDropFrame=Rect(0, 0 - 720, 1600)
07-14 09:59:47.119  1833  1998 I ViewRootImpl@1c1ef69[dogglers]: handleResized, msg = 4 frames=ClientWindowFrames{frame=[0,0][720,1600] display=[0,0][720,1600] backdrop=[0,0][720,1600]} forceNextWindowRelayout=false displayId=0 frameChanged=false backdropFrameChanged=false configChanged=false displayChanged=false mNextDrawUseBlastSync=false mergedConfiguration={mGlobalConfig={1.0 404mcc10mnc [en_GB] ldltr sw384dp w384dp h774dp 300dpi nrml long port finger -keyb/v/h -nav/h winConfig={ mBounds=Rect(0, 0 - 720, 1600) mAppBounds=Rect(0, 58 - 720, 1510) mMaxBounds=Rect(0, 0 - 720, 1600) mWindowingMode=fullscreen mDisplayWindowingMode=fullscreen mActivityType=undefined mAlwaysOnTop=undefined mRotation=ROTATION_0 mPopOver=undefined mFreeformTaskPinningState=undefined} s.4956 fontWeightAdjustment=0 ff=0 bf=0 bts=0 enb/d themeSeq=0} mOverrideConfig={1.0 404mcc10mnc [en_GB] ldltr sw384dp w384dp h774dp 300dpi nrml long port finger -keyb/v/h -nav/h winConfig={ mBounds=Rect(0, 0 - 720, 1600) mAppBounds=Rect(0, 58 - 720, 1510) mMaxBounds=Rect(0, 0 - 720, 1600) mWindowingMode=fullscreen mDisplayWindowingMode=fullscreen mActivityType=standard mAlwaysOnTop=undefined mRotation=ROTATION_0 mPopOver=off mFreeformTaskPinningState=unpinned} s.1 fontWeightAdjustment=0 ff=0 bf=0 bts=0 enb/d themeSeq=0}}
07-14 09:59:47.119 14689 14689 D LifecycleMonitor: Lifecycle status change: androidx.test.core.app.InstrumentationActivityInvoker$BootstrapActivity@2a699a8 in: RESUMED
07-14 09:59:47.120 14689 14689 V ActivityScenario: Activity lifecycle changed event received but ignored because the intent does not match. startActivityIntent=Intent { act=android.intent.action.MAIN cat=[android.intent.category.LAUNCHER] cmp=com.example.dogglers/.VerticalListActivity }, activity.getIntent()=Intent { act=android.intent.action.MAIN cat=[android.intent.category.LAUNCHER] flg=0x10008000 cmp=com.example.dogglers/androidx.test.core.app.InstrumentationActivityInvoker$BootstrapActivity (has extras) }, activity=androidx.test.core.app.InstrumentationActivityInvoker$BootstrapActivity@2a699a8
07-14 09:59:47.122 14689 14689 D LifecycleMonitor: Lifecycle status change: androidx.test.core.app.InstrumentationActivityInvoker$BootstrapActivity@2a699a8 in: PAUSED
07-14 09:59:47.124 14689 14689 V ActivityScenario: Activity lifecycle changed event received but ignored because the intent does not match. startActivityIntent=Intent { act=android.intent.action.MAIN cat=[android.intent.category.LAUNCHER] cmp=com.example.dogglers/.VerticalListActivity }, activity.getIntent()=Intent { act=android.intent.action.MAIN cat=[android.intent.category.LAUNCHER] flg=0x10008000 cmp=com.example.dogglers/androidx.test.core.app.InstrumentationActivityInvoker$BootstrapActivity (has extras) }, activity=androidx.test.core.app.InstrumentationActivityInvoker$BootstrapActivity@2a699a8
07-14 09:59:47.128  1426  7235 D InputDispatcher: Focused application set to (0): a623b7f
07-14 09:59:47.176 14689 14689 D LifecycleMonitor: Lifecycle status change: com.example.dogglers.VerticalListActivity@3776fbb in: PRE_ON_CREATE
07-14 09:59:47.178 14689 14689 V ActivityScenario: Activity lifecycle changed event received but ignored because the reported transition was not ON_CREATE while the last known transition was PRE_ON_CREATE
07-14 09:59:47.231  2306  8257 I RecentModel: onTaskStackChangedBackground
07-14 09:59:47.232  2306  8257 I RecentTasksList: getTaskKeys, numTasks :3 callback : com.android.quickstep.-$$Lambda$RecentsModel$k1Mm-BV64Bc89eJHYugywZmW_Js@1e8a565
07-14 09:59:47.233  2306  2373 I RecentTasksList: loadTasksInBackground() task id : 1116
07-14 09:59:47.235 14689 14689 I DecorView: [INFO] isPopOver=false, config=true
07-14 09:59:47.236 14689 14689 I DecorView: updateCaptionType >> DecorView@2dfbdab[], isFloating=false, isApplication=true, hasWindowControllerCallback=true, hasWindowDecorCaption=false
07-14 09:59:47.236 14689 14689 D DecorView: setCaptionType = 0, this = DecorView@2dfbdab[]
07-14 09:59:47.238 14689 14689 I DecorView: getCurrentDensityDpi: from real metrics. densityDpi=300 msg=resources_loaded
07-14 09:59:47.280 14689 14689 W xample.doggler: Accessing hidden method Landroid/view/View;->computeFitSystemWindows(Landroid/graphics/Rect;Landroid/graphics/Rect;)Z (unsupported, reflection, allowed)
07-14 09:59:47.281 14689 14689 W xample.doggler: Accessing hidden method Landroid/view/ViewGroup;->makeOptionalFitsSystemWindows()V (unsupported, reflection, allowed)
07-14 09:59:47.300 14689 14689 D LifecycleMonitor: Lifecycle status change: com.example.dogglers.VerticalListActivity@3776fbb in: CREATED
07-14 09:59:47.302 14689 14689 V ActivityScenario: Update currentActivityStage to CREATED, currentActivity=com.example.dogglers.VerticalListActivity@3776fbb
07-14 09:59:47.305 14689 14689 D LifecycleMonitor: Lifecycle status change: com.example.dogglers.VerticalListActivity@3776fbb in: STARTED
07-14 09:59:47.306 14689 14689 V ActivityScenario: Update currentActivityStage to STARTED, currentActivity=com.example.dogglers.VerticalListActivity@3776fbb
07-14 09:59:47.308 14689 14689 D LifecycleMonitor: Lifecycle status change: com.example.dogglers.VerticalListActivity@3776fbb in: RESUMED
07-14 09:59:47.309 14689 14689 V ActivityScenario: Update currentActivityStage to RESUMED, currentActivity=com.example.dogglers.VerticalListActivity@3776fbb
07-14 09:59:47.314   849  7953 I SurfaceFlinger: [SF client] NEW(0xb40000774c2641c0) for (14689:com.example.dogglers)
07-14 09:59:47.323  1426  7682 D InputTransport: Input channel constructed: '33e1b77', fd=938
07-14 09:59:47.323  1426  7682 D InputTransport: Input channel constructed: '33e1b77', fd=950
07-14 09:59:47.323  1426  7682 D InputTransport: Input channel constructed: '33e1b77', fd=951
07-14 09:59:47.325   849  7953 I SurfaceFlinger: [SF client] NEW(0xb40000774c262480) for (1426:system_server)
07-14 09:59:47.325   849  7953 I SurfaceFlinger: id=24448 createSurf (0x0),-1 flag=80004, 33e1b77 com.example.dogglers/com.example.dogglers.VerticalListActivity#0
07-14 09:59:47.326  1426  7682 D InputTransport: Input channel destroyed: '33e1b77', fd=951
07-14 09:59:47.329 14689 14778 D EventInjectionStrategy: Creating injection strategy with input manager.
07-14 09:59:47.329 14689 14689 I ViewRootImpl@214dee4[VerticalListActivity]: setView = com.android.internal.policy.DecorView@2dfbdab TM=true
07-14 09:59:47.329 14689 14778 W xample.doggler: Accessing hidden method Landroid/hardware/input/InputManager;->getInstance()Landroid/hardware/input/InputManager; (unsupported, reflection, allowed)
07-14 09:59:47.329 14689 14778 W xample.doggler: Accessing hidden method Landroid/hardware/input/InputManager;->injectInputEvent(Landroid/view/InputEvent;I)Z (unsupported, reflection, allowed)
07-14 09:59:47.329 14689 14778 W xample.doggler: Accessing hidden field Landroid/hardware/input/InputManager;->INJECT_INPUT_EVENT_MODE_WAIT_FOR_FINISH:I (unsupported, reflection, allowed)
07-14 09:59:47.348  1426  7682 V WindowManager: Relayout Window{33e1b77 u0 com.example.dogglers/com.example.dogglers.VerticalListActivity}: viewVisibility=0 req=720x1600 d0
07-14 09:59:47.349   849  1602 E BufferQueueDebug: [com.example.dogglers/com.example.dogglers.VerticalListActivity$_14689#0](this:0xb40000774c28d948,id:-1,api:0,p:-1,c:-1) id info cannot be read from 'com.example.dogglers/com.example.dogglers.VerticalListActivity$_14689#0'
07-14 09:59:47.349   849  1602 I BufferQueueDebug: [com.example.dogglers/com.example.dogglers.VerticalListActivity$_14689#0](this:0xb40000774c28d948,id:-1,api:0,p:-1,c:-1) BufferQueue core=(849:/system/bin/surfaceflinger)
07-14 09:59:47.349   849  1602 I SurfaceFlinger: id=24449 createSurf (1x1),-3 flag=40004, com.example.dogglers/com.example.dogglers.VerticalListActivity$_14689#0
07-14 09:59:47.352   849   921 I SurfaceFlinger: id=24450 createSurf (0x0),-1 flag=24000, Surface(name=229b753 StatusBar)/@0xf6813df - animation-leash of insets_animation#0
07-14 09:59:47.353   849   921 I SurfaceFlinger: id=24451 createSurf (0x0),-1 flag=24000, Surface(name=9917522 NavigationBar0)/@0xe14f88a - animation-leash of insets_animation#0
07-14 09:59:47.355  1426  7682 V WindowManager: Relayout hash=33e1b77, pid=14689: mAttrs={(0,0)(fillxfill) sim={adjust=resize forwardNavigation} ty=BASE_APPLICATION wanim=0x1030303
07-14 09:59:47.355  1426  7682 V WindowManager:   fl=81810100
07-14 09:59:47.355  1426  7682 V WindowManager:   pfl=12020040
07-14 09:59:47.355  1426  7682 V WindowManager:   apr=LIGHT_NAVIGATION_BARS
07-14 09:59:47.355  1426  7682 V WindowManager:   bhv=DEFAULT
07-14 09:59:47.355  1426  7682 V WindowManager:   fitSides= naviIconColor=0
07-14 09:59:47.355  1426  7682 V WindowManager:   sfl=100000}
07-14 09:59:47.357 14689 14689 I BufferQueueConsumer: [](id:396100000000,api:0,p:-1,c:14689) connect: controlledByApp=false
07-14 09:59:47.359 14689 14689 I BLASTBufferQueue: [ViewRootImpl@214dee4[VerticalListActivity]#0] constructor()
07-14 09:59:47.361 14689 14689 I ViewRootImpl@214dee4[VerticalListActivity]: Relayout returned: old=(0,0,720,1600) new=(0,0,720,1600) req=(720,1600)0 dur=9 res=0x7 s={true -5476376626713821184} ch=true fn=-1
07-14 09:59:47.363   849  1602 E HWComposer: getSupportedContentTypes: getSupportedContentTypes failed for display 0: Unsupported (8)
07-14 09:59:47.363 14689 14784 I BufferQueueProducer: [ViewRootImpl@214dee4[VerticalListActivity]#0(BLAST Consumer)0](id:396100000000,api:1,p:14689,c:14689) connect: api=1 producerControlledByApp=true
07-14 09:59:47.364 14689 14784 D OpenGLRenderer: eglCreateWindowSurface
07-14 09:59:47.368 14689 14804 E ion     : ioctl c0044901 failed with code -1: Invalid argument
07-14 09:59:47.373   849   849 I Layer   : id=24445 removedFromDrawingState Surface(name=229b753 StatusBar)/@0xf6813df - animation-leash of insets_animation#1 (108)
07-14 09:59:47.373   849   849 I Layer   : id=24446 removedFromDrawingState Surface(name=9917522 NavigationBar0)/@0xe14f88a - animation-leash of insets_animation#1 (108)
07-14 09:59:47.373   849   849 I SurfaceFlinger: [33e1b77 com.example.dogglers/com.example.dogglers.VerticalListActivity#0] FrameRatePriority: 1
07-14 09:59:47.373   849   849 I SurfaceFlinger: id=24445 Removed Surface(name=229b753 StatusBar)/@0xf6813df - animation-leash of insets_animation#1 (108)
07-14 09:59:47.373   849   849 I SurfaceFlinger: id=24446 Removed Surface(name=9917522 NavigationBar0)/@0xe14f88a - animation-leash of insets_animation#1 (108)
07-14 09:59:47.374   849   849 I Layer   : id=24445 Destroyed Surface(name=229b753 StatusBar)/@0xf6813df - animation-leash of insets_animation#1
07-14 09:59:47.374   849   849 I Layer   : id=24446 Destroyed Surface(name=9917522 NavigationBar0)/@0xe14f88a - animation-leash of insets_animation#1
07-14 09:59:47.375  1426  7682 D InputDispatcher: Focus request (0): 33e1b77 com.example.dogglers/com.example.dogglers.VerticalListActivity but waiting because NOT_VISIBLE
07-14 09:59:47.419  2306  2306 I ViewRootImpl@346ff4a[LauncherActivity]: handleAppVisibility mAppVisible=true visible=false
07-14 09:59:47.420  1833  2001 D WallpaperService: dispatchAppVisibility onVisibilityChanged(): false
07-14 09:59:47.420  1833  1833 D WallpaperService: reportVisibility onVisibilityChanged visible: false
07-14 09:59:47.420  1833  2047 I ImageWallpaper:  onVisibilityChanged false , 0
07-14 09:59:47.428   849   849 I Layer   : id=24443 removedFromDrawingState Surface(name=Task=1)/@0x54f7491 - animation-leash of app_transition#0 (106)
07-14 09:59:47.429   849   849 I Layer   : id=24444 removedFromDrawingState Surface(name=Task=1116)/@0xdce725 - animation-leash of app_transition#0 (106)
07-14 09:59:47.429   849   849 I SurfaceFlinger: id=24444 Removed Surface(name=Task=1116)/@0xdce725 - animation-leash of app_transition#0 (106)
07-14 09:59:47.429   849   849 I SurfaceFlinger: id=24443 Removed Surface(name=Task=1)/@0x54f7491 - animation-leash of app_transition#0 (106)
07-14 09:59:47.429   849   849 I Layer   : id=24443 Destroyed Surface(name=Task=1)/@0x54f7491 - animation-leash of app_transition#0
07-14 09:59:47.429   849   849 I Layer   : id=24444 Destroyed Surface(name=Task=1116)/@0xdce725 - animation-leash of app_transition#0
07-14 09:59:47.433  2306  4145 I BufferQueueProducer: [ViewRootImpl@346ff4a[LauncherActivity]#524(BLAST Consumer)524](id:90200000242,api:1,p:2306,c:2306) disconnect: api 1
07-14 09:59:47.434   849   849 D SurfaceFlinger: Display 0 HWC layers:
07-14 09:59:47.434   849   849 D SurfaceFlinger:      DEVICE | 0xb40000774703fe00 | 0100 | RGBA_8888    |    0.0    0.0  720.0 1600.0 |    0    0  720 1600 | Splash Screen com.example.dogglers$_1833#0
07-14 09:59:47.434   849   849 D SurfaceFlinger:      DEVICE | 0xb40000774703f680 | 0100 | RGBA_8888    |    0.0    0.0  720.0   53.0 |    0    0  720   53 | StatusBar$_1833#0
07-14 09:59:47.434   849   849 D SurfaceFlinger:      DEVICE | 0xb40000776d256400 | 0100 | RGBA_8888    |    0.0    0.0  720.0   90.0 |    0 1510  720 1600 | NavigationBar0$_1833#0
07-14 09:59:47.434   849   849 D SurfaceFlinger:      DEVICE | 0xb40000776d256580 | 0140 | RGBA_8888    |    0.0    0.0  720.0   86.0 |    0    0  720   86 | ScreenDecorOverlay$_1833#0
07-14 09:59:47.434   849   849 D SurfaceFlinger:      DEVICE | 0xb40000776d255e00 | 0140 | RGBA_8888    |    0.0    0.0  720.0   77.0 |    0 1523  720 1600 | ScreenDecorOverlayBottom$_1833#0
07-14 09:59:47.434   849   849 D SurfaceFlinger:
07-14 09:59:47.435  1426  7682 V WindowManager: Relayout Window{6226236 u0 com.sec.android.app.launcher/com.sec.android.app.launcher.activities.LauncherActivity}: viewVisibility=8 req=720x1600 d0
07-14 09:59:47.436 14689 14689 D skia    : SkJpegCodec::onGetPixels +
07-14 09:59:47.439  1426  7682 V WindowManager: Relayout hash=6226236, pid=2306: mAttrs={(0,0)(fillxfill) sim={adjust=nothing} layoutInDisplayCutoutMode=shortEdges ty=BASE_APPLICATION fmt=TRANSPARENT wanim=0x10302f2
07-14 09:59:47.439  1426  7682 V WindowManager:   fl=81910100
07-14 09:59:47.439  1426  7682 V WindowManager:   pfl=1e020040
07-14 09:59:47.439  1426  7682 V WindowManager:   vsysui=1700
07-14 09:59:47.439  1426  7682 V WindowManager:   bhv=SHOW_TRANSIENT_BARS_BY_SWIPE
07-14 09:59:47.439  1426  7682 V WindowManager:   fitSides= naviIconColor=0}
07-14 09:59:47.440  2306  2306 I BLASTBufferQueue: [ViewRootImpl@346ff4a[LauncherActivity]#524] destructor()
07-14 09:59:47.440   849   849 I BufferQueueProducer: [NavigationBar0$_1833#0](this:0xb400007746a5f948,id:-1,api:0,p:-1,c:849) queueBuffer: fps=0.74 dur=16175.54 max=16053.42 min=10.96
07-14 09:59:47.440  2306  2306 I BufferQueueConsumer: [ViewRootImpl@346ff4a[LauncherActivity]#524(BLAST Consumer)524](id:90200000242,api:0,p:-1,c:2306) disconnect
07-14 09:59:47.441  2306  2306 I ViewRootImpl@346ff4a[LauncherActivity]: Relayout returned: old=(0,0,720,1600) new=(0,0,720,1600) req=(720,1600)8 dur=5 res=0x5 s={false 0} ch=true fn=6
07-14 09:59:47.443 14689 14689 D skia    : SkJpegCodec::onGetPixels -
07-14 09:59:47.479 14689 14689 D skia    : SkJpegCodec::onGetPixels +
07-14 09:59:47.489 14689 14689 D skia    : SkJpegCodec::onGetPixels -
07-14 09:59:47.516 14689 14689 D skia    : SkJpegCodec::onGetPixels +
07-14 09:59:47.523 14689 14689 D skia    : SkJpegCodec::onGetPixels -
07-14 09:59:47.536 14689 14689 I ViewRootImpl@214dee4[VerticalListActivity]: [DP] dp(1) 1 android.view.ViewRootImpl.reportNextDraw:11387 android.view.ViewRootImpl.performTraversals:4185 android.view.ViewRootImpl.doTraversal:2911
07-14 09:59:47.537 14689 14689 D ViewRootImpl@214dee4[VerticalListActivity]: Creating frameDrawingCallback nextDrawUseBlastSync=false reportNextDraw=true hasBlurUpdates=false
07-14 09:59:47.537 14689 14689 D ViewRootImpl@214dee4[VerticalListActivity]: Creating frameCompleteCallback
07-14 09:59:47.556 14689 14805 D ViewRootImpl@214dee4[VerticalListActivity]: Received frameDrawingCallback frameNum=1. Creating transactionCompleteCallback=false
07-14 09:59:47.556 14689 14784 D hw-ProcessState: Binder ioctl to enable oneway spam detection failed: Invalid argument
07-14 09:59:47.674 14689 14784 D ViewRootImpl@214dee4[VerticalListActivity]: Received frameCompleteCallback  lastAcquiredFrameNum=1 lastAttemptedDrawFrameNum=1
07-14 09:59:47.676 14689 14689 I ViewRootImpl@214dee4[VerticalListActivity]: [DP] pdf(0) 1 android.view.ViewRootImpl.lambda$addFrameCompleteCallbackIfNeeded$3$ViewRootImpl:4987 android.view.ViewRootImpl$$ExternalSyntheticLambda16.run:6 android.os.Handler.handleCallback:938
07-14 09:59:47.676 14689 14689 I ViewRootImpl@214dee4[VerticalListActivity]: [DP] rdf()
07-14 09:59:47.676 14689 14689 D ViewRootImpl@214dee4[VerticalListActivity]: reportDrawFinished (fn: -1)
07-14 09:59:47.679  1426  1455 I SemDvfsHyPerManager: acquire hyper - AMS_RESUME_TAIL/1426@15, type = -999
07-14 09:59:47.679  1426  1455 I SemDvfsHyPerManager: acquire hyper - AMS_ACT_LAZY/1426@16, type = -999
07-14 09:59:47.679   803   861 I HYPER-HAL: [RequestManager.cpp]acquire(): Acquired ID : 1038976  [1426 / 15]    HINT : AMS_RESUME_TAIL    list :
07-14 09:59:47.679  1426  2178 W libprocessgroup: Failed to find DoNothingOlaftask profile: Permission denied
07-14 09:59:47.680   803   861 I mtkpower_client: perf_lock_rel, hdl:24376, tid:861
07-14 09:59:47.681   803   861 I mtkpower_client: perf_lock_acq, hdl:0, dur:0, num:2, tid:861
07-14 09:59:47.681  1426  1451 I PkgPredictorService-SecIpmManagerServiceImpl: reportToNAP uid:10544 com.example.dogglers/com.example.dogglers.VerticalListActivity thisTime:675
07-14 09:59:47.681   808   897 I libPowerHal: [perfLockRel] hdl:24376, idx:3
07-14 09:59:47.681   808   897 I libPowerHal: [PD] vendor.samsung. update cmd:1c3c000, param:1
07-14 09:59:47.681   808   897 I libPowerHal: [PD] (less) /proc/mcdi/state set +prefix:enable 1;
07-14 09:59:47.681  2306  2306 I ViewRootImpl@346ff4a[LauncherActivity]: stopped(true) old=false
07-14 09:59:47.681   849  1602 I SurfaceFlinger: id=24452 createSurf (0x0),-1 flag=24000, Surface(name=33e1b77 com.example.dogglers/com.example.dogglers.VerticalListActivity)/@0x530dc05 - animation-leash of starting_reveal#0
07-14 09:59:47.682   803   861 I mtkpower_client: ret_hdl:24379
07-14 09:59:47.682   803   861 I mtkpower_client: perf_lock_rel, hdl:24378, tid:861
07-14 09:59:47.682  2306  2306 I BaseActivity: removeActivityFlags, flags : 17
07-14 09:59:47.682  1426  1451 I ActivityTaskManager: Displayed com.example.dogglers/.VerticalListActivity: +675ms
07-14 09:59:47.682   849  1602 I SurfaceFlinger: id=24436 Removed OneUiHome-BlurLayer#0 (105)
07-14 09:59:47.683   803   861 I mtkpower_client: perf_lock_acq, hdl:0, dur:0, num:2, tid:861
07-14 09:59:47.683   808   897 I libPowerHal: [perfLockAcq] idx:2 hdl:24379 hint:-1 pid:803 duration:0 lock_user:vendor.samsung. => ret_hdl:24379
07-14 09:59:47.683  2306  2306 W LauncherAppWidgetHost: setShouldListenFlag, mFlags:7 flag:start on:false isFront:false
07-14 09:59:47.683   808   897 I libPowerHal: [PE] (less) /proc/mcdi/state set +prefix:enable 0;
07-14 09:59:47.683  1426  7682 I AppWidgetServiceImpl: stopListening callbacks : null
07-14 09:59:47.683  2306  2373 I IMM_LC  : hsifw() - flags=0, caller=android.view.inputmethod.InputMethodManager.hideSoftInputFromWindow:1846 android.view.inputmethod.InputMethodManager.hideSoftInputFromWindow:1815 com.android.launcher3.util.UiThreadHelper$UiCallbacks.handleMessage:103 android.os.Handler.dispatchMessage:102 android.os.Looper.loopOnce:226
07-14 09:59:47.683  2306  2373 I IMM_LC  : hideSoftInputFromWindow - mService.hideSoftInput
07-14 09:59:47.683  2306  2306 W LauncherAppWidgetHost: stopListening, mFlags:2 isFront:false
07-14 09:59:47.683  2306  2306 W Launcher.NotificationListener: removeNotificationsChangedListener
07-14 09:59:47.683  2306  2306 I BadgeCountUpdaterImpl: onNotificationsChangedDisConnected
07-14 09:59:47.683  2306  2306 I Launcher.NotificationListener: unregisterObserver, this is not notificationService!!
07-14 09:59:47.684   808   897 I libPowerHal: [perfLockRel] hdl:24378, idx:1
07-14 09:59:47.684   808   897 I libPowerHal: [PD] vendor.samsung. update cmd:1000000, param:-1
07-14 09:59:47.684   808   897 I libPowerHal: [PD] vendor.samsung. update cmd:1000000 param:-1
07-14 09:59:47.684  2845  2845 E pageboostd: Received HALT command code 2
07-14 09:59:47.686  1426  7682 D InputDispatcher: Focus entered window (0): 33e1b77 com.example.dogglers/com.example.dogglers.VerticalListActivity
07-14 09:59:47.688  1833  2527 I ViewRootImpl@1c1ef69[dogglers]: mWNT: t = android.view.SurfaceControl$Transaction@b4f22a1 fN = 2 android.view.SyncRtSurfaceTransactionApplier.applyTransaction:94 android.view.SyncRtSurfaceTransactionApplier.lambda$scheduleApply$0$SyncRtSurfaceTransactionApplier:71 android.view.SyncRtSurfaceTransactionApplier$$ExternalSyntheticLambda0.onFrameDraw:4
07-14 09:59:47.688  1833  2527 I ViewRootImpl@1c1ef69[dogglers]: mWNT: merge t to BBQ
07-14 09:59:47.688   808   897 I libPowerHal: [perfLockAcq] idx:3 hdl:24380 hint:-1 pid:803 duration:0 lock_user:vendor.samsung. => ret_hdl:24380
07-14 09:59:47.688  1833  2527 I ViewRootImpl@1c1ef69[dogglers]: mWNT: t = android.view.SurfaceControl$Transaction@6c4fcc6 fN = 2 android.view.SyncRtSurfaceTransactionApplier.applyTransaction:94 android.view.SyncRtSurfaceTransactionApplier.lambda$scheduleApply$0$SyncRtSurfaceTransactionApplier:71 android.view.SyncRtSurfaceTransactionApplier$$ExternalSyntheticLambda0.onFrameDraw:4
07-14 09:59:47.688  1833  2527 I ViewRootImpl@1c1ef69[dogglers]: mWNT: merge t to BBQ
07-14 09:59:47.688   808   897 I libPowerHal: [PE] vendor.samsung. update cmd:1000000, param:0
07-14 09:59:47.688   803   861 I mtkpower_client: ret_hdl:24380
07-14 09:59:47.688   808   897 I libPowerHal: [PE] vendor.samsung. update cmd:1000000 param:0
07-14 09:59:47.689  2306  2373 I LiveIconUpdateEventHandler: LiveIcon onStop
07-14 09:59:47.689   803   861 I mtkpower_client: perf_lock_rel, hdl:24379, tid:861
07-14 09:59:47.689   803   861 I mtkpower_client: perf_lock_acq, hdl:0, dur:0, num:2, tid:861
07-14 09:59:47.690   849   849 D SurfaceFlinger: Display 0 HWC layers:
07-14 09:59:47.690   849   849 D SurfaceFlinger:      DEVICE | 0xb40000774703f380 | 0102 | RGBA_8888    |    0.0    0.0  720.0 1600.0 |    0    0  720 1600 | com.example.dogglers/com.example.dogglers.VerticalListActivity$_14689#0
07-14 09:59:47.690   849   849 D SurfaceFlinger:      DEVICE | 0xb40000774703fe00 | 0100 | RGBA_8888    |    0.0    0.0  720.0 1600.0 |    0    0  720 1600 | Splash Screen com.example.dogglers$_1833#0
07-14 09:59:47.690   849   849 D SurfaceFlinger:      DEVICE | 0xb40000774703f680 | 0100 | RGBA_8888    |    0.0    0.0  720.0   53.0 |    0    0  720   53 | StatusBar$_1833#0
07-14 09:59:47.690   849   849 D SurfaceFlinger:      DEVICE | 0xb40000774bc0aa80 | 0100 | RGBA_8888    |    0.0    0.0  720.0   90.0 |    0 1510  720 1600 | NavigationBar0$_1833#0
07-14 09:59:47.690   849   849 D SurfaceFlinger:      DEVICE | 0xb40000776d256580 | 0140 | RGBA_8888    |    0.0    0.0  720.0   86.0 |    0    0  720   86 | ScreenDecorOverlay$_1833#0
07-14 09:59:47.690   849   849 D SurfaceFlinger:      DEVICE | 0xb40000776d255e00 | 0140 | RGBA_8888    |    0.0    0.0  720.0   77.0 |    0 1523  720 1600 | ScreenDecorOverlayBottom$_1833#0
07-14 09:59:47.690   849   849 D SurfaceFlinger:
07-14 09:59:47.690  2306  2373 I LiveIconUpdateEventHandler: cancelMinuteChangeAlarm
07-14 09:59:47.692   808   897 I libPowerHal: [perfLockRel] hdl:24379, idx:2
07-14 09:59:47.692   808   897 I libPowerHal: [PD] vendor.samsung. update cmd:1c3c000, param:1
07-14 09:59:47.692  2306  2373 I LiveIconUpdateEventHandler: cancelDateChangeAlarm
07-14 09:59:47.692   808   897 I libPowerHal: [PD] (less) /proc/mcdi/state set +prefix:enable 1;
07-14 09:59:47.693   803   861 I mtkpower_client: ret_hdl:24381
07-14 09:59:47.693   808   897 I libPowerHal: [perfLockAcq] idx:1 hdl:24381 hint:-1 pid:803 duration:0 lock_user:vendor.samsung. => ret_hdl:24381
07-14 09:59:47.693   803   861 I mtkpower_client: perf_lock_rel, hdl:24377, tid:861
07-14 09:59:47.693   808   897 I libPowerHal: [PE] (less) /proc/mcdi/state set +prefix:enable 0;
07-14 09:59:47.693   803   861 I mtkpower_client: perf_lock_acq, hdl:0, dur:0, num:2, tid:861
07-14 09:59:47.693   808   897 I libPowerHal: [perfLockRel] hdl:24377, idx:0
07-14 09:59:47.694  2306  2373 I LiveIconUpdateEventHandler: unregisterReceiver
07-14 09:59:47.694   808   897 I libPowerHal: vendor.samsung.: cpu_ctrl set cpu freq: -1 -1 -1 -1
07-14 09:59:47.694   803   861 I mtkpower_client: ret_hdl:24382
07-14 09:59:47.694   803   861 I mtkpower_client: perf_lock_rel, hdl:24380, tid:861
