07-14 09:59:47.695   808   897 I libPowerHal: [perfLockAcq] idx:0 hdl:24382 hint:-1 pid:803 duration:0 lock_user:vendor.samsung. => ret_hdl:24382
07-14 09:59:47.695   808   897 I libPowerHal: vendor.samsung.: cpu_ctrl set cpu freq: 1800000 -1 -1 -1
07-14 09:59:47.696   803   861 I mtkpower_client: perf_lock_acq, hdl:0, dur:0, num:2, tid:861
07-14 09:59:47.696  1833  2526 I ViewRootImpl@1c1ef69[dogglers]: mWNT: t = android.view.SurfaceControl$Transaction@e082487 fN = 3 android.view.SyncRtSurfaceTransactionApplier.applyTransaction:94 android.view.SyncRtSurfaceTransactionApplier.lambda$scheduleApply$0$SyncRtSurfaceTransactionApplier:71 android.view.SyncRtSurfaceTransactionApplier$$ExternalSyntheticLambda0.onFrameDraw:4
07-14 09:59:47.696  1833  2526 I ViewRootImpl@1c1ef69[dogglers]: mWNT: merge t to BBQ
07-14 09:59:47.696   808   897 I libPowerHal: [perfLockRel] hdl:24380, idx:3
07-14 09:59:47.697   808   897 I libPowerHal: [PD] vendor.samsung. update cmd:1000000, param:-1
07-14 09:59:47.697   808   897 I libPowerHal: [PD] vendor.samsung. update cmd:1000000 param:-1
07-14 09:59:47.697   803   861 I mtkpower_client: ret_hdl:24383
07-14 09:59:47.698   803   861 I HYPER-HAL: [RequestManager.cpp]releaseLocked(): Released ID : 1056358
07-14 09:59:47.699   808   897 I libPowerHal: [perfLockAcq] idx:2 hdl:24383 hint:-1 pid:803 duration:0 lock_user:vendor.samsung. => ret_hdl:24383
07-14 09:59:47.699   808   897 I libPowerHal: [PE] vendor.samsung. update cmd:1000000, param:0
07-14 09:59:47.699   808   897 I libPowerHal: [PE] vendor.samsung. update cmd:1000000 param:0
07-14 09:59:47.701 14689 14689 D InsetsSourceConsumer: ensureControlAlpha: for ITYPE_NAVIGATION_BAR on com.example.dogglers/com.example.dogglers.VerticalListActivity
07-14 09:59:47.701  1426  1452 E Native_CFMS: nativePerfMgrRemoveTask    Fail    tid : 2306    return : -1
07-14 09:59:47.702 14689 14689 D InsetsSourceConsumer: ensureControlAlpha: for ITYPE_STATUS_BAR on com.example.dogglers/com.example.dogglers.VerticalListActivity
07-14 09:59:47.706   849   849 I Layer   : id=24433 removedFromDrawingState com.sec.android.app.launcher/com.sec.android.app.launcher.activities.LauncherActivity$_2306#0 (105)
07-14 09:59:47.706   849   849 I Layer   : id=24436 removedFromDrawingState OneUiHome-BlurLayer#0 (105)
07-14 09:59:47.707   849   849 I SurfaceFlinger: id=24433 Removed com.sec.android.app.launcher/com.sec.android.app.launcher.activities.LauncherActivity$_2306#0 (105)
07-14 09:59:47.707  1833  2527 I ViewRootImpl@1c1ef69[dogglers]: mWNT: t = android.view.SurfaceControl$Transaction@c02dfb4 fN = 4 android.view.SyncRtSurfaceTransactionApplier.applyTransaction:94 android.view.SyncRtSurfaceTransactionApplier.lambda$scheduleApply$0$SyncRtSurfaceTransactionApplier:71 android.view.SyncRtSurfaceTransactionApplier$$ExternalSyntheticLambda0.onFrameDraw:4
07-14 09:59:47.707  1833  2527 I ViewRootImpl@1c1ef69[dogglers]: mWNT: merge t to BBQ
07-14 09:59:47.707   849   849 I BufferQueueDebug: [com.sec.android.app.launcher/com.sec.android.app.launcher.activities.LauncherActivity$_2306#0](this:0xb4000077470b8948,id:-1,api:0,p:-1,c:849) onDestructor()
07-14 09:59:47.707   849   849 I Layer   : id=24433 Destroyed com.sec.android.app.launcher/com.sec.android.app.launcher.activities.LauncherActivity$_2306#0
07-14 09:59:47.707   849   849 I Layer   : id=24436 Destroyed OneUiHome-BlurLayer#0
07-14 09:59:47.712 14689 14689 D LifecycleMonitor: Lifecycle status change: androidx.test.core.app.InstrumentationActivityInvoker$BootstrapActivity@2a699a8 in: STOPPED
07-14 09:59:47.713 14689 14689 V ActivityScenario: Activity lifecycle changed event received but ignored because the intent does not match. startActivityIntent=Intent { act=android.intent.action.MAIN cat=[android.intent.category.LAUNCHER] cmp=com.example.dogglers/.VerticalListActivity }, activity.getIntent()=Intent { act=android.intent.action.MAIN cat=[android.intent.category.LAUNCHER] flg=0x10008000 cmp=com.example.dogglers/androidx.test.core.app.InstrumentationActivityInvoker$BootstrapActivity (has extras) }, activity=androidx.test.core.app.InstrumentationActivityInvoker$BootstrapActivity@2a699a8
07-14 09:59:47.716 14689 14689 I ViewRootImpl@214dee4[VerticalListActivity]: MSG_WINDOW_FOCUS_CHANGED 1 1
07-14 09:59:47.719 14689 14689 D InputMethodManager: startInputInner - Id : 0
07-14 09:59:47.719 14689 14689 I InputMethodManager: startInputInner - mService.startInputOrWindowGainedFocus
07-14 09:59:47.722  1833  2526 I ViewRootImpl@1c1ef69[dogglers]: mWNT: t = android.view.SurfaceControl$Transaction@69a47dd fN = 5 android.view.SyncRtSurfaceTransactionApplier.applyTransaction:94 android.view.SyncRtSurfaceTransactionApplier.lambda$scheduleApply$0$SyncRtSurfaceTransactionApplier:71 android.view.SyncRtSurfaceTransactionApplier$$ExternalSyntheticLambda0.onFrameDraw:4
07-14 09:59:47.722  1833  2526 I ViewRootImpl@1c1ef69[dogglers]: mWNT: merge t to BBQ
07-14 09:59:47.722  1426  7235 D InputMethodManagerService: mDesktopModeManager null!
07-14 09:59:47.722  1426  7235 V InputMethodManagerService: getDisplayIdOfInputMethodWindowToBeAdded : 0
07-14 09:59:47.723  1426  7235 D InputTransport: Input channel constructed: 'ClientS', fd=951
07-14 09:59:47.723  1426  7235 D InputTransport: Input channel constructed: 'ClientS', fd=952
07-14 09:59:47.724  1426  7235 D InputTransport: Input channel destroyed: 'ClientS', fd=952
07-14 09:59:47.726  1426  7235 W InputMethodManagerService: onSessionCreated
07-14 09:59:47.727  8964 12445 I FontLog : Received query Noto Color Emoji Compat, URI content://com.google.android.gms.fonts [CONTEXT service_id=132 ]
07-14 09:59:47.727  1426  7235 D InputMethodManagerService: checkDisplayOfStartInputAndUpdateKeyboard display Id 0last 0
07-14 09:59:47.728  1426  7235 D InputTransport: Input channel constructed: 'ClientS', fd=952
07-14 09:59:47.728  1426  7235 D InputTransport: Input channel destroyed: 'ClientS', fd=952
07-14 09:59:47.728  8964 12445 I FontLog : Query [emojicompat-emoji-font] resolved to {Noto Color Emoji Compat, wdth 100.0, wght 400, ital 0.0, bestEffort false} [CONTEXT service_id=132 ]
07-14 09:59:47.729  1833  2527 I ViewRootImpl@1c1ef69[dogglers]: mWNT: t = android.view.SurfaceControl$Transaction@3841f52 fN = 6 android.view.SyncRtSurfaceTransactionApplier.applyTransaction:94 android.view.SyncRtSurfaceTransactionApplier.lambda$scheduleApply$0$SyncRtSurfaceTransactionApplier:71 android.view.SyncRtSurfaceTransactionApplier$$ExternalSyntheticLambda0.onFrameDraw:4
07-14 09:59:47.729  1833  2527 I ViewRootImpl@1c1ef69[dogglers]: mWNT: merge t to BBQ
07-14 09:59:47.730  5271  5271 I HBD     : HoneyBoardService onFinishInput
07-14 09:59:47.730   849  7953 I SurfaceFlinger: id=24453 createSurf (0x0),-1 flag=24004, Surface(name=1cdad24 InputMethod)/@0x32a0253 - animation-leash of insets_animation#0
07-14 09:59:47.732  8964 12445 I FontLog : Fetch {Noto Color Emoji Compat, wdth 100.0, wght 400, ital 0.0, bestEffort false} end status Status{statusCode=SUCCESS, resolution=null} [CONTEXT service_id=132 ]
07-14 09:59:47.733 14689 14689 D InputMethodManager: startInputInner - Id : 0
07-14 09:59:47.734  5271  5271 I HBD     : a IC have been unbinding,  InputConnectionWrapper{idHash=#1298015 mMissingMethods=}
07-14 09:59:47.734  5271  5271 I HBD     : HoneyBoardService [PF_CL][onFinishInput]  4352385 ns
07-14 09:59:47.735  5271  5271 I HBD     : HoneyBoardService [IMI] onStartInput - caller pid : 14689 , caller uid : 10544
07-14 09:59:47.736  5271  5271 I HBD     : j updateConfigs
07-14 09:59:47.736  5271  5271 I HBD     : j isEnabledNightMode : false
07-14 09:59:47.736  5271  5271 I HBD     : a IC have been binding, InputConnectionWrapper{idHash=#c38411b mMissingMethods=}
07-14 09:59:47.736  5271  5271 I HBD     : h [EditorInputType]setPrivateImeOptionsToTable privateImeOptions ( null )
07-14 09:59:47.736  5271  5271 I HBD     : b incognitoMode : false
07-14 09:59:47.736  5271  5271 I HBD     : a needOff = true , isForceOff = false, isNullInputClass : true
07-14 09:59:47.737  5271  5271 I HBD     : h getDefaultInputRange : UNKNOWN
07-14 09:59:47.737  5271  5271 I HBD     : h getDefaultInputRange : UNKNOWN
07-14 09:59:47.737  5271  5271 I HBD     : h getDefaultInputRange : UNKNOWN
07-14 09:59:47.738  5271  5271 I HBD     : h getDefaultInputRange : UNKNOWN
07-14 09:59:47.739  5271  5271 I HBD     : a currentState : 0
07-14 09:59:47.740   849   849 I Layer   : id=24438 removedFromDrawingState Surface(name=1cdad24 InputMethod)/@0x32a0253 - animation-leash of insets_animation#1 (104)
07-14 09:59:47.740 14689 14689 W xample.doggler: Accessing hidden method Landroid/os/MessageQueue;->next()Landroid/os/Message; (unsupported, reflection, allowed)
07-14 09:59:47.740  1833  2065 D OpenGLRenderer: setSurface called with nullptr
07-14 09:59:47.740   849   849 I SurfaceFlinger: id=24438 Removed Surface(name=1cdad24 InputMethod)/@0x32a0253 - animation-leash of insets_animation#1 (104)
07-14 09:59:47.740  1833  2065 D OpenGLRenderer: setSurface() destroyed EGLSurface
07-14 09:59:47.740 14689 14689 W xample.doggler: Accessing hidden field Landroid/os/MessageQueue;->mMessages:Landroid/os/Message; (unsupported, reflection, allowed)
07-14 09:59:47.740  1833  2065 D OpenGLRenderer: destroyEglSurface
07-14 09:59:47.740   849   849 I Layer   : id=24438 Destroyed Surface(name=1cdad24 InputMethod)/@0x32a0253 - animation-leash of insets_animation#1
07-14 09:59:47.741 14689 14689 W xample.doggler: Accessing hidden method Landroid/os/Message;->recycleUnchecked()V (unsupported, reflection, allowed)
07-14 09:59:47.742  1833  2065 I BufferQueueProducer: [ViewRootImpl@1c1ef69[dogglers]#753(BLAST Consumer)753](id:729000002f1,api:1,p:1833,c:1833) disconnect: api 1
07-14 09:59:47.743  1426  7235 V WindowManager: Relayout Window{512914a u0 Splash Screen com.example.dogglers}: viewVisibility=8 req=720x1600 d0
07-14 09:59:47.744  5271  5271 I HBD     : h load selected json path : /data/user/0/com.samsung.android.honeyboard/files/selected.json
07-14 09:59:47.744  8964 12445 I FontLog : Pulling font file for id = 124, cache size = 4 [CONTEXT service_id=132 ]
07-14 09:59:47.744  5271  5271 I HBD     : h load selected json info : {"version":"1.0","currentLanguageOrder":0,"selected":[{"activeOptionList":["auto_spacing"],"engName":"English","id":65537,"inputType":"qwerty","isUsed":true},{"activeOptionList":["auto_replace","auto_spacing"],"engName":"Hindi","id":5570560,"inputType":"qwerty","isUsed":true}]}
07-14 09:59:47.744  1426  1620 D InputMethodManagerServicePhysicalKey: isConnectedDexOnPC false
07-14 09:59:47.745   849   922 I SurfaceFlinger: id=24454 createSurf (0x0),-1 flag=24000, Surface(name=512914a Splash Screen com.example.dogglers)/@0xd2e374c - animation-leash of window_animation#0
07-14 09:59:47.746  5271  5271 I HBD     : a [UpdatePolicy] [post] a: 0 cl: 65537 kit: [0/0] vt: 0 ir: 1
07-14 09:59:47.747  5271  5271 I HBD     : HoneyBoardService [PF_OP][onStartInput]  11896923 ns
07-14 09:59:47.747  1426  1620 D InputMethodManagerService: isImeSwitcherDisabledPackage : false
07-14 09:59:47.748  1426  7235 V WindowManager: Relayout hash=512914a, pid=1833: mAttrs={(0,0)(fillxfill) sim={adjust=pan} ty=APPLICATION_STARTING fmt=TRANSLUCENT wanim=0x1030001
07-14 09:59:47.748  1426  7235 V WindowManager:   fl=81030118
07-14 09:59:47.748  1426  7235 V WindowManager:   pfl=36000010
07-14 09:59:47.748  1426  7235 V WindowManager:   bhv=DEFAULT
07-14 09:59:47.748  1426  7235 V WindowManager:   fitSides= naviIconColor=0}
07-14 09:59:47.748  1833  1998 I BLASTBufferQueue: [ViewRootImpl@1c1ef69[dogglers]#753] destructor()
07-14 09:59:47.748  1833  1998 I BufferQueueConsumer: [ViewRootImpl@1c1ef69[dogglers]#753(BLAST Consumer)753](id:729000002f1,api:0,p:-1,c:1833) disconnect
07-14 09:59:47.748 14689 14689 W xample.doggler: Accessing hidden method Landroid/view/WindowManagerGlobal;->getInstance()Landroid/view/WindowManagerGlobal; (unsupported, reflection, allowed)
07-14 09:59:47.748 14689 14689 W xample.doggler: Accessing hidden field Landroid/view/WindowManagerGlobal;->mViews:Ljava/util/ArrayList; (unsupported, reflection, allowed)
07-14 09:59:47.748 14689 14689 W xample.doggler: Accessing hidden field Landroid/view/WindowManagerGlobal;->mParams:Ljava/util/ArrayList; (unsupported, reflection, allowed)
07-14 09:59:47.749  1833  1998 I ViewRootImpl@1c1ef69[dogglers]: Relayout returned: old=(0,0,720,1600) new=(0,0,720,1600) req=(720,1600)8 dur=5 res=0x5 s={false 0} ch=true fn=7
07-14 09:59:47.749  1833  1998 I ViewRootImpl@1c1ef69[dogglers]: dispatchDetachedFromWindow
07-14 09:59:47.750  1426  3962 D InputTransport: Input channel destroyed: '512914a', fd=781
07-14 09:59:47.751  1426  3962 W InputManager-JNI: Input channel object '512914a Splash Screen com.example.dogglers (client)' was disposed without first being removed with the input manager!
07-14 09:59:47.751  1426  3962 D InputTransport: Input channel destroyed: '512914a', fd=884
07-14 09:59:47.752  8964 12445 I FontLog : Pulling font file for id = 124, cache size = 4 [CONTEXT service_id=132 ]
07-14 09:59:47.753  1833  1998 D InputTransport: Input channel destroyed: '512914a', fd=171
07-14 09:59:47.754 14689 14689 I ViewInteraction: Checking 'MatchesViewAssertion{viewMatcher=(view has effective visibility <VISIBLE> and view.getGlobalVisibleRect() to return non-empty rectangle)}' assertion on view an instance of android.widget.TextView and view.getText() with or without transformation to match: is "Tzeitel"
07-14 09:59:47.762   849   849 I Layer   : id=24452 removedFromDrawingState Surface(name=33e1b77 com.example.dogglers/com.example.dogglers.VerticalListActivity)/@0x530dc05 - animation-leash of starting_reveal#0 (104)
07-14 09:59:47.778 14689 14689 I ViewInteraction: Checking 'MatchesViewAssertion{viewMatcher=(view has effective visibility <VISIBLE> and view.getGlobalVisibleRect() to return non-empty rectangle)}' assertion on view an instance of android.widget.TextView and view.getText() with or without transformation to match: is "7"
07-14 09:59:47.778 14689 14689 E ViewAssertions: '(view has effective visibility <VISIBLE> and view.getGlobalVisibleRect() to return non-empty rectangle)' check could not be performed because view 'an instance of android.widget.TextView and view.getText() with or without transformation to match: is "7"' was not found.
07-14 09:59:47.780   808   841 I mtkpower@impl: [setMode] type:5, enabled:0
07-14 09:59:47.784   849   849 I SurfaceFlinger: SFWD update time=136408901974437
07-14 09:59:47.793  1426  3962 I SemDvfsHyPerManager: acquire hyper - AMS_ACT_START/1426@13, type = -999
07-14 09:59:47.793   803   861 I HYPER-HAL: [RequestManager.cpp]acquire(): Acquired ID : 1036093  [1426 / 13]    HINT : AMS_ACT_START    list :
07-14 09:59:47.794   803   861 I mtkpower_client: perf_lock_rel, hdl:24382, tid:861
07-14 09:59:47.794   803   861 I mtkpower_client: perf_lock_acq, hdl:0, dur:0, num:2, tid:861
07-14 09:59:47.794   808   897 I libPowerHal: [perfLockRel] hdl:24382, idx:0
07-14 09:59:47.794   849  7953 I SurfaceFlinger: id=24455 createSurf (0x0),-1 flag=80004, ActivityRecord{cfea157 u0 com.example.dogglers/androidx.test.core.app.InstrumentationActivityInvoker$EmptyActivity t1116}#0
07-14 09:59:47.794   808   897 I libPowerHal: vendor.samsung.: cpu_ctrl set cpu freq: -1 -1 -1 -1
07-14 09:59:47.795   808   897 I libPowerHal: [perfLockAcq] idx:3 hdl:24384 hint:-1 pid:803 duration:0 lock_user:vendor.samsung. => ret_hdl:24384
07-14 09:59:47.795   808   897 I libPowerHal: vendor.samsung.: cpu_ctrl set cpu freq: 1800000 -1 -1 -1
07-14 09:59:47.796   808   841 I mtkpower@impl: [setMode] type:5, enabled:1
07-14 09:59:47.796   803   861 I mtkpower_client: ret_hdl:24384
07-14 09:59:47.796   803   861 I mtkpower_client: perf_lock_rel, hdl:24381, tid:861
07-14 09:59:47.797   803   861 I mtkpower_client: perf_lock_acq, hdl:0, dur:0, num:2, tid:861
07-14 09:59:47.797   808   897 I libPowerHal: [perfLockRel] hdl:24381, idx:1
07-14 09:59:47.797   808   897 I libPowerHal: [PD] vendor.samsung. update cmd:1c3c000, param:1
07-14 09:59:47.797   808   897 I libPowerHal: [PD] (less) /proc/mcdi/state set +prefix:enable 1;
07-14 09:59:47.797   803   861 I mtkpower_client: ret_hdl:24385
07-14 09:59:47.798   808   897 I libPowerHal: [perfLockAcq] idx:0 hdl:24385 hint:-1 pid:803 duration:0 lock_user:vendor.samsung. => ret_hdl:24385
07-14 09:59:47.798   803   861 I mtkpower_client: perf_lock_rel, hdl:24383, tid:861
07-14 09:59:47.798   808   897 I libPowerHal: [PE] (less) /proc/mcdi/state set +prefix:enable 0;
07-14 09:59:47.798   803   861 I mtkpower_client: perf_lock_acq, hdl:0, dur:0, num:2, tid:861
07-14 09:59:47.798   808   897 I libPowerHal: [perfLockRel] hdl:24383, idx:2
07-14 09:59:47.798   808   897 I libPowerHal: [PD] vendor.samsung. update cmd:1000000, param:-1
07-14 09:59:47.798   808   897 I libPowerHal: [PD] vendor.samsung. update cmd:1000000 param:-1
07-14 09:59:47.799   803   861 I mtkpower_client: ret_hdl:24386
07-14 09:59:47.799   808   897 I libPowerHal: [perfLockAcq] idx:1 hdl:24386 hint:-1 pid:803 duration:0 lock_user:vendor.samsung. => ret_hdl:24386
07-14 09:59:47.799   808   897 I libPowerHal: [PE] vendor.samsung. update cmd:1000000, param:0
07-14 09:59:47.799   808   897 I libPowerHal: [PE] vendor.samsung. update cmd:1000000 param:0
07-14 09:59:47.804 14689 14689 D LifecycleMonitor: Lifecycle status change: com.example.dogglers.VerticalListActivity@3776fbb in: PAUSED
07-14 09:59:47.804 14689 14689 V ActivityScenario: Update currentActivityStage to PAUSED, currentActivity=com.example.dogglers.VerticalListActivity@3776fbb
07-14 09:59:47.811  1426  7682 D InputDispatcher: Focused application set to (0): cfea157
07-14 09:59:47.812   849  7953 I SurfaceFlinger: id=24456 createSurf (0x0),-1 flag=24000, Surface(name=229b753 StatusBar)/@0xf6813df - animation-leash of insets_animation#1
07-14 09:59:47.813   849  7953 I SurfaceFlinger: id=24457 createSurf (0x0),-1 flag=24000, Surface(name=9917522 NavigationBar0)/@0xe14f88a - animation-leash of insets_animation#1
07-14 09:59:47.821   849   849 D SurfaceFlinger: Display 0 HWC layers:
07-14 09:59:47.821   849   849 D SurfaceFlinger:      DEVICE | 0xb40000774703e300 | 0102 | RGBA_8888    |    0.0    0.0  720.0 1600.0 |    0    0  720 1600 | com.example.dogglers/com.example.dogglers.VerticalListActivity$_14689#0
07-14 09:59:47.821   849   849 D SurfaceFlinger:      DEVICE | 0xb40000774703f680 | 0100 | RGBA_8888    |    0.0    0.0  720.0   53.0 |    0    0  720   53 | StatusBar$_1833#0
07-14 09:59:47.821   849   849 D SurfaceFlinger:      DEVICE | 0xb40000774bc0aa80 | 0100 | RGBA_8888    |    0.0    0.0  720.0   90.0 |    0 1510  720 1600 | NavigationBar0$_1833#0
07-14 09:59:47.821   849   849 D SurfaceFlinger:      DEVICE | 0xb40000776d256580 | 0140 | RGBA_8888    |    0.0    0.0  720.0   86.0 |    0    0  720   86 | ScreenDecorOverlay$_1833#0
07-14 09:59:47.821   849   849 D SurfaceFlinger:      DEVICE | 0xb40000776d255e00 | 0140 | RGBA_8888    |    0.0    0.0  720.0   77.0 |    0 1523  720 1600 | ScreenDecorOverlayBottom$_1833#0
07-14 09:59:47.821   849   849 D SurfaceFlinger:
07-14 09:59:47.822   849  7953 I SurfaceFlinger: id=24458 createSurf (0x0),-1 flag=24000, Surface(name=229b753 StatusBar)/@0xf6813df - animation-leash of insets_animation#2
07-14 09:59:47.823   849  7953 I SurfaceFlinger: id=24459 createSurf (0x0),-1 flag=24000, Surface(name=9917522 NavigationBar0)/@0xe14f88a - animation-leash of insets_animation#2
07-14 09:59:47.824  1833  1833 D NavigationBar: onSystemBarAttributesChanged() -  displayId:0, appearance:16 (APPEARANCE_LIGHT_NAVIGATION_BARS ), navbarColorManagedByIme:false
07-14 09:59:47.825  1833  1833 V Navbar.Store: handleEvent [EventType] GET_BOOL_REGION_SAMPLING_ENABLED [Module] LightBarController  KEYS_DEFAULT=false
07-14 09:59:47.825  1833  1833 V Navbar.Store: --[Band]COLOR_PACK_GET_REGION_SAMPLING_ENABLED
07-14 09:59:47.825  1833  1833 V Navbar.Store: ----getValue(BOOL_REGION_SAMPLING_ENABLED)=false
07-14 09:59:47.828   849   849 I Layer   : id=24450 removedFromDrawingState Surface(name=229b753 StatusBar)/@0xf6813df - animation-leash of insets_animation#0 (109)
07-14 09:59:47.828   849   849 I Layer   : id=24451 removedFromDrawingState Surface(name=9917522 NavigationBar0)/@0xe14f88a - animation-leash of insets_animation#0 (109)
07-14 09:59:47.829   849   849 I SurfaceFlinger: [33e1b77 com.example.dogglers/com.example.dogglers.VerticalListActivity#0] FrameRatePriority: -1
07-14 09:59:47.829   849   849 I Layer   : id=24442 removedFromDrawingState Splash Screen com.example.dogglers$_1833#0 (109)
07-14 09:59:47.829   849   849 I Layer   : id=24441 removedFromDrawingState 512914a Splash Screen com.example.dogglers#0 (109)
07-14 09:59:47.829   849   849 I Layer   : id=24454 removedFromDrawingState Surface(name=512914a Splash Screen com.example.dogglers)/@0xd2e374c - animation-leash of window_animation#0 (109)
07-14 09:59:47.829   849   849 I Layer   : id=24456 removedFromDrawingState Surface(name=229b753 StatusBar)/@0xf6813df - animation-leash of insets_animation#1 (109)
07-14 09:59:47.829   849   849 I Layer   : id=24457 removedFromDrawingState Surface(name=9917522 NavigationBar0)/@0xe14f88a - animation-leash of insets_animation#1 (109)
07-14 09:59:47.829   849   849 I SurfaceFlinger: id=24441 Removed 512914a Splash Screen com.example.dogglers#0 (109)
07-14 09:59:47.829   849   849 I SurfaceFlinger: id=24454 Removed Surface(name=512914a Splash Screen com.example.dogglers)/@0xd2e374c - animation-leash of window_animation#0 (109)
07-14 09:59:47.829   849   849 I SurfaceFlinger: id=24442 Removed Splash Screen com.example.dogglers$_1833#0 (109)
07-14 09:59:47.829   849   849 I SurfaceFlinger: id=24456 Removed Surface(name=229b753 StatusBar)/@0xf6813df - animation-leash of insets_animation#1 (109)
07-14 09:59:47.829   849   849 I SurfaceFlinger: id=24457 Removed Surface(name=9917522 NavigationBar0)/@0xe14f88a - animation-leash of insets_animation#1 (109)
07-14 09:59:47.830   849   849 I Layer   : id=24454 Destroyed Surface(name=512914a Splash Screen com.example.dogglers)/@0xd2e374c - animation-leash of window_animation#0
07-14 09:59:47.830   849   849 I Layer   : id=24441 Destroyed 512914a Splash Screen com.example.dogglers#0
07-14 09:59:47.830   849   849 I BufferQueueDebug: [Splash Screen com.example.dogglers$_1833#0](this:0xb400007747182948,id:-1,api:0,p:-1,c:849) onDestructor()
07-14 09:59:47.830   849   849 I Layer   : id=24442 Destroyed Splash Screen com.example.dogglers$_1833#0
07-14 09:59:47.830   849   849 I Layer   : id=24456 Destroyed Surface(name=229b753 StatusBar)/@0xf6813df - animation-leash of insets_animation#1
07-14 09:59:47.830   849   849 I Layer   : id=24457 Destroyed Surface(name=9917522 NavigationBar0)/@0xe14f88a - animation-leash of insets_animation#1
07-14 09:59:47.831 14689 14689 D LifecycleMonitor: Lifecycle status change: androidx.test.core.app.InstrumentationActivityInvoker$EmptyActivity@99db578 in: PRE_ON_CREATE
07-14 09:59:47.833 14689 14689 V ActivityScenario: Activity lifecycle changed event received but ignored because the intent does not match. startActivityIntent=Intent { act=android.intent.action.MAIN cat=[android.intent.category.LAUNCHER] cmp=com.example.dogglers/.VerticalListActivity }, activity.getIntent()=Intent { act=android.intent.action.MAIN cat=[android.intent.category.LAUNCHER] flg=0x10000000 cmp=com.example.dogglers/androidx.test.core.app.InstrumentationActivityInvoker$EmptyActivity }, activity=androidx.test.core.app.InstrumentationActivityInvoker$EmptyActivity@99db578
07-14 09:59:47.840  1426  7682 D InputDispatcher: Focus left window (0): 33e1b77 com.example.dogglers/com.example.dogglers.VerticalListActivity
07-14 09:59:47.841 14689 14689 I DecorView: [INFO] isPopOver=false, config=true
07-14 09:59:47.841 14689 14689 I DecorView: updateCaptionType >> DecorView@aa5b4b6[], isFloating=false, isApplication=true, hasWindowControllerCallback=true, hasWindowDecorCaption=false
07-14 09:59:47.841 14689 14689 D DecorView: setCaptionType = 0, this = DecorView@aa5b4b6[]
07-14 09:59:47.847 14689 14689 I DecorView: getCurrentDensityDpi: from real metrics. densityDpi=300 msg=resources_loaded
07-14 09:59:47.848 14689 14689 D LifecycleMonitor: Lifecycle status change: androidx.test.core.app.InstrumentationActivityInvoker$EmptyActivity@99db578 in: CREATED
07-14 09:59:47.849 14689 14689 V ActivityScenario: Activity lifecycle changed event received but ignored because the intent does not match. startActivityIntent=Intent { act=android.intent.action.MAIN cat=[android.intent.category.LAUNCHER] cmp=com.example.dogglers/.VerticalListActivity }, activity.getIntent()=Intent { act=android.intent.action.MAIN cat=[android.intent.category.LAUNCHER] flg=0x10000000 cmp=com.example.dogglers/androidx.test.core.app.InstrumentationActivityInvoker$EmptyActivity }, activity=androidx.test.core.app.InstrumentationActivityInvoker$EmptyActivity@99db578
07-14 09:59:47.852 14689 14689 D LifecycleMonitor: Lifecycle status change: androidx.test.core.app.InstrumentationActivityInvoker$EmptyActivity@99db578 in: STARTED
07-14 09:59:47.853 14689 14689 V ActivityScenario: Activity lifecycle changed event received but ignored because the intent does not match. startActivityIntent=Intent { act=android.intent.action.MAIN cat=[android.intent.category.LAUNCHER] cmp=com.example.dogglers/.VerticalListActivity }, activity.getIntent()=Intent { act=android.intent.action.MAIN cat=[android.intent.category.LAUNCHER] flg=0x10000000 cmp=com.example.dogglers/androidx.test.core.app.InstrumentationActivityInvoker$EmptyActivity }, activity=androidx.test.core.app.InstrumentationActivityInvoker$EmptyActivity@99db578
07-14 09:59:47.855 14689 14689 D LifecycleMonitor: Lifecycle status change: androidx.test.core.app.InstrumentationActivityInvoker$EmptyActivity@99db578 in: RESUMED
07-14 09:59:47.857 14689 14689 V ActivityScenario: Activity lifecycle changed event received but ignored because the intent does not match. startActivityIntent=Intent { act=android.intent.action.MAIN cat=[android.intent.category.LAUNCHER] cmp=com.example.dogglers/.VerticalListActivity }, activity.getIntent()=Intent { act=android.intent.action.MAIN cat=[android.intent.category.LAUNCHER] flg=0x10000000 cmp=com.example.dogglers/androidx.test.core.app.InstrumentationActivityInvoker$EmptyActivity }, activity=androidx.test.core.app.InstrumentationActivityInvoker$EmptyActivity@99db578
07-14 09:59:47.858   849  1602 I SurfaceFlinger: [SF client] NEW(0xb40000774c264940) for (14689:com.example.dogglers)
07-14 09:59:47.862  1426  7682 D InputTransport: Input channel constructed: '4148e47', fd=781
07-14 09:59:47.862  1426  7682 D InputTransport: Input channel constructed: '4148e47', fd=884
07-14 09:59:47.862  1426  7682 D InputTransport: Input channel constructed: '4148e47', fd=952
07-14 09:59:47.862   849  2307 I SurfaceFlinger: id=24460 createSurf (0x0),-1 flag=80004, 4148e47 com.example.dogglers/androidx.test.core.app.InstrumentationActivityInvoker$EmptyActivity#0
07-14 09:59:47.863  1426  7682 D InputTransport: Input channel destroyed: '4148e47', fd=952
07-14 09:59:47.865 14689 14689 I ViewRootImpl@6195b7[InstrumentationActivityInvoker$EmptyActivity]: setView = com.android.internal.policy.DecorView@aa5b4b6 TM=true
07-14 09:59:47.867   849  2307 I SurfaceFlinger: id=24451 Removed Surface(name=9917522 NavigationBar0)/@0xe14f88a - animation-leash of insets_animation#0 (105)
07-14 09:59:47.867   849  1602 I SurfaceFlinger: id=24450 Removed Surface(name=229b753 StatusBar)/@0xf6813df - animation-leash of insets_animation#0 (105)
07-14 09:59:47.871 14689 14689 D InsetsSourceConsumer: ensureControlAlpha: for ITYPE_NAVIGATION_BAR on com.example.dogglers/com.example.dogglers.VerticalListActivity
07-14 09:59:47.872 14689 14689 D InsetsSourceConsumer: ensureControlAlpha: for ITYPE_STATUS_BAR on com.example.dogglers/com.example.dogglers.VerticalListActivity
07-14 09:59:47.873   849   849 I Layer   : id=24450 Destroyed Surface(name=229b753 StatusBar)/@0xf6813df - animation-leash of insets_animation#0
07-14 09:59:47.873   849   849 I Layer   : id=24451 Destroyed Surface(name=9917522 NavigationBar0)/@0xe14f88a - animation-leash of insets_animation#0
07-14 09:59:47.882  1426  7682 V WindowManager: Relayout Window{4148e47 u0 com.example.dogglers/androidx.test.core.app.InstrumentationActivityInvoker$EmptyActivity}: viewVisibility=0 req=720x1600 d0
07-14 09:59:47.883   849  1602 E BufferQueueDebug: [com.example.dogglers/androidx.test.core.app.InstrumentationActivityInvoker$EmptyActivity$_14689#0](this:0xb4000077471cf948,id:-1,api:0,p:-1,c:-1) id info cannot be read from 'com.example.dogglers/androidx.test.core.app.InstrumentationActivityInvoker$EmptyActivity$_14689#0'
07-14 09:59:47.883   849  1602 I BufferQueueDebug: [com.example.dogglers/androidx.test.core.app.InstrumentationActivityInvoker$EmptyActivity$_14689#0](this:0xb4000077471cf948,id:-1,api:0,p:-1,c:-1) BufferQueue core=(849:/system/bin/surfaceflinger)
07-14 09:59:47.883   849  1602 I SurfaceFlinger: id=24461 createSurf (1x1),-3 flag=40004, com.example.dogglers/androidx.test.core.app.InstrumentationActivityInvoker$EmptyActivity$_14689#0
07-14 09:59:47.887   849  1602 I SurfaceFlinger: id=24462 createSurf (0x0),-1 flag=24000, Surface(name=229b753 StatusBar)/@0xf6813df - animation-leash of insets_animation#0
07-14 09:59:47.888   849  1602 I SurfaceFlinger: id=24463 createSurf (0x0),-1 flag=24000, Surface(name=9917522 NavigationBar0)/@0xe14f88a - animation-leash of insets_animation#0
07-14 09:59:47.889  1426  7682 V WindowManager: Relayout hash=4148e47, pid=14689: mAttrs={(0,0)(fillxfill) sim={adjust=pan forwardNavigation} ty=BASE_APPLICATION wanim=0x1030001
07-14 09:59:47.889  1426  7682 V WindowManager:   fl=1810100
07-14 09:59:47.889  1426  7682 V WindowManager:   pfl=12020040
07-14 09:59:47.889  1426  7682 V WindowManager:   apr=LIGHT_NAVIGATION_BARS
07-14 09:59:47.889  1426  7682 V WindowManager:   bhv=DEFAULT
07-14 09:59:47.889  1426  7682 V WindowManager:   fitSides= naviIconColor=0
07-14 09:59:47.889  1426  7682 V WindowManager:   sfl=100000}
07-14 09:59:47.890 14689 14689 I BufferQueueConsumer: [](id:396100000001,api:0,p:-1,c:14689) connect: controlledByApp=false
07-14 09:59:47.891 14689 14689 I BLASTBufferQueue: [ViewRootImpl@6195b7[InstrumentationActivityInvoker$EmptyActivity]#1] constructor()
07-14 09:59:47.892 14689 14689 I ViewRootImpl@6195b7[InstrumentationActivityInvoker$EmptyActivity]: Relayout returned: old=(0,0,720,1600) new=(0,0,720,1600) req=(720,1600)0 dur=8 res=0x7 s={true -5476376631760994304} ch=true fn=-1
07-14 09:59:47.893 14689 14784 I BufferQueueProducer: [ViewRootImpl@6195b7[InstrumentationActivityInvoker$EmptyActivity]#1(BLAST Consumer)1](id:396100000001,api:1,p:14689,c:14689) connect: api=1 producerControlledByApp=true
07-14 09:59:47.893 14689 14784 D OpenGLRenderer: eglCreateWindowSurface
07-14 09:59:47.897 14689 14689 I ViewRootImpl@6195b7[InstrumentationActivityInvoker$EmptyActivity]: [DP] dp(1) 1 android.view.ViewRootImpl.reportNextDraw:11387 android.view.ViewRootImpl.performTraversals:4185 android.view.ViewRootImpl.doTraversal:2911
07-14 09:59:47.897 14689 14689 D ViewRootImpl@6195b7[InstrumentationActivityInvoker$EmptyActivity]: Creating frameDrawingCallback nextDrawUseBlastSync=false reportNextDraw=true hasBlurUpdates=false
07-14 09:59:47.897 14689 14689 D ViewRootImpl@6195b7[InstrumentationActivityInvoker$EmptyActivity]: Creating frameCompleteCallback
07-14 09:59:47.901 14689 14806 D ViewRootImpl@6195b7[InstrumentationActivityInvoker$EmptyActivity]: Received frameDrawingCallback frameNum=1. Creating transactionCompleteCallback=false
07-14 09:59:47.906   849   849 I Layer   : id=24458 removedFromDrawingState Surface(name=229b753 StatusBar)/@0xf6813df - animation-leash of insets_animation#2 (106)
07-14 09:59:47.906   849   849 I Layer   : id=24459 removedFromDrawingState Surface(name=9917522 NavigationBar0)/@0xe14f88a - animation-leash of insets_animation#2 (106)
07-14 09:59:47.906   849   849 I SurfaceFlinger: [4148e47 com.example.dogglers/androidx.test.core.app.InstrumentationActivityInvoker$EmptyActivity#0] FrameRatePriority: 1
07-14 09:59:47.907  1426  7682 D InputDispatcher: Focus request (0): 4148e47 com.example.dogglers/androidx.test.core.app.InstrumentationActivityInvoker$EmptyActivity but waiting because NOT_VISIBLE
07-14 09:59:47.917  2306  8257 I RecentModel: onTaskStackChangedBackground
07-14 09:59:47.937  1833  2029 D MobileStatusTracker(0/1): onSignalStrengthsChanged signalStrength=SignalStrength:{mCdma=Invalid,mGsm=Invalid,mWcdma=Invalid,mTdscdma=Invalid,mLte=CellSignalStrengthLte: rssi=-113 rsrp=-113 rsrq=-11 rssnr=2 cqiTableIndex=2147483647 cqi=2147483647 ta=2147483647 level=2 parametersUseForLevel=0,mNr=Invalid,SignalBarInfo{ lteLevel=2 },rat=14,primary=CellSignalStrengthLte} level=2
07-14 09:59:47.938  1833  2029 D NetworkController: SignalStrength from intent slotId=0
07-14 09:59:47.939 14689 14784 D ViewRootImpl@6195b7[InstrumentationActivityInvoker$EmptyActivity]: Received frameCompleteCallback  lastAcquiredFrameNum=1 lastAttemptedDrawFrameNum=1
07-14 09:59:47.961 14689 14689 I ViewRootImpl@6195b7[InstrumentationActivityInvoker$EmptyActivity]: [DP] pdf(0) 1 android.view.ViewRootImpl.lambda$addFrameCompleteCallbackIfNeeded$3$ViewRootImpl:4987 android.view.ViewRootImpl$$ExternalSyntheticLambda16.run:6 android.os.Handler.handleCallback:938
07-14 09:59:47.961 14689 14689 I ViewRootImpl@6195b7[InstrumentationActivityInvoker$EmptyActivity]: [DP] rdf()
07-14 09:59:47.961 14689 14689 D ViewRootImpl@6195b7[InstrumentationActivityInvoker$EmptyActivity]: reportDrawFinished (fn: -1)
07-14 09:59:47.961 14689 14689 I ViewRootImpl@214dee4[VerticalListActivity]: MSG_WINDOW_FOCUS_CHANGED 0 1
07-14 09:59:47.966  1426  1451 I ActivityTaskManager: Displayed com.example.dogglers/androidx.test.core.app.InstrumentationActivityInvoker$EmptyActivity: +173ms
07-14 09:59:47.966  1426  1455 I SemDvfsHyPerManager: acquire hyper - AMS_RESUME_TAIL/1426@15, type = -999
07-14 09:59:47.966  1426  1455 I SemDvfsHyPerManager: acquire hyper - AMS_ACT_LAZY/1426@16, type = -999
07-14 09:59:47.966   803   861 I HYPER-HAL: [RequestManager.cpp]acquire(): Acquired ID : 1038976  [1426 / 15]    HINT : AMS_RESUME_TAIL    list :
07-14 09:59:47.966  2845  2845 E pageboostd: Received HALT command code 2
07-14 09:59:47.966   803   861 I mtkpower_client: perf_lock_rel, hdl:24384, tid:861
07-14 09:59:47.966   803   861 I mtkpower_client: perf_lock_acq, hdl:0, dur:0, num:2, tid:861
07-14 09:59:47.967   808   897 I libPowerHal: [perfLockRel] hdl:24384, idx:3
07-14 09:59:47.967   808   897 I libPowerHal: vendor.samsung.: cpu_ctrl set cpu freq: -1 -1 -1 -1
07-14 09:59:47.968   803   861 I mtkpower_client: ret_hdl:24387
07-14 09:59:47.968   808   897 I libPowerHal: [perfLockAcq] idx:2 hdl:24387 hint:-1 pid:803 duration:0 lock_user:vendor.samsung. => ret_hdl:24387
07-14 09:59:47.968   803   861 I mtkpower_client: perf_lock_rel, hdl:24385, tid:861
07-14 09:59:47.968   808   897 I libPowerHal: vendor.samsung.: cpu_ctrl set cpu freq: 1800000 -1 -1 -1
07-14 09:59:47.968   803   861 I mtkpower_client: perf_lock_acq, hdl:0, dur:0, num:2, tid:861
07-14 09:59:47.968   808   897 I libPowerHal: [perfLockRel] hdl:24385, idx:0
07-14 09:59:47.968   808   897 I libPowerHal: [PD] vendor.samsung. update cmd:1c3c000, param:1
07-14 09:59:47.968   808   897 I libPowerHal: [PD] (less) /proc/mcdi/state set +prefix:enable 1;
07-14 09:59:47.969   803   861 I mtkpower_client: ret_hdl:24388
07-14 09:59:47.969   808   897 I libPowerHal: [perfLockAcq] idx:3 hdl:24388 hint:-1 pid:803 duration:0 lock_user:vendor.samsung. => ret_hdl:24388
07-14 09:59:47.969   803   861 I mtkpower_client: perf_lock_rel, hdl:24386, tid:861
07-14 09:59:47.969   808   897 I libPowerHal: [PE] (less) /proc/mcdi/state set +prefix:enable 0;
07-14 09:59:47.969   803   861 I mtkpower_client: perf_lock_acq, hdl:0, dur:0, num:2, tid:861
07-14 09:59:47.969   808   897 I libPowerHal: [perfLockRel] hdl:24386, idx:1
07-14 09:59:47.969   808   897 I libPowerHal: [PD] vendor.samsung. update cmd:1000000, param:-1
07-14 09:59:47.969   808   897 I libPowerHal: [PD] vendor.samsung. update cmd:1000000 param:-1
07-14 09:59:47.970   803   861 I mtkpower_client: ret_hdl:24389
07-14 09:59:47.970   803   861 I HYPER-HAL: [RequestManager.cpp]releaseLocked(): Released ID : 1036093
07-14 09:59:47.970 14689 14689 D InsetsSourceConsumer: ensureControlAlpha: for ITYPE_NAVIGATION_BAR on com.example.dogglers/androidx.test.core.app.InstrumentationActivityInvoker$EmptyActivity
07-14 09:59:47.971   808   897 I libPowerHal: [perfLockAcq] idx:0 hdl:24389 hint:-1 pid:803 duration:0 lock_user:vendor.samsung. => ret_hdl:24389
07-14 09:59:47.971   808   897 I libPowerHal: [PE] vendor.samsung. update cmd:1000000, param:0
07-14 09:59:47.971 14689 14689 D InsetsSourceConsumer: ensureControlAlpha: for ITYPE_STATUS_BAR on com.example.dogglers/androidx.test.core.app.InstrumentationActivityInvoker$EmptyActivity
07-14 09:59:47.971   808   897 I libPowerHal: [PE] vendor.samsung. update cmd:1000000 param:0
07-14 09:59:47.973   849  1602 I SurfaceFlinger: id=24459 Removed Surface(name=9917522 NavigationBar0)/@0xe14f88a - animation-leash of insets_animation#2 (106)
07-14 09:59:47.973   849   849 I Layer   : id=24459 Destroyed Surface(name=9917522 NavigationBar0)/@0xe14f88a - animation-leash of insets_animation#2
07-14 09:59:47.974  1426  7682 D InputDispatcher: Focus entered window (0): 4148e47 com.example.dogglers/androidx.test.core.app.InstrumentationActivityInvoker$EmptyActivity
07-14 09:59:47.974   849  2307 I SurfaceFlinger: id=24458 Removed Surface(name=229b753 StatusBar)/@0xf6813df - animation-leash of insets_animation#2 (105)
07-14 09:59:47.976 14689 14689 I ViewRootImpl@214dee4[VerticalListActivity]: handleAppVisibility mAppVisible=true visible=false
07-14 09:59:47.977 14689 14689 I ViewRootImpl@214dee4[VerticalListActivity]: stopped(true) old=false
07-14 09:59:47.977  1426  3962 I SemDvfsHyPerManager: acquire hyper - AMS_ACT_START/1426@13, type = -999
07-14 09:59:47.978   849   849 D SurfaceFlinger: Display 0 HWC layers:
07-14 09:59:47.978   849   849 D SurfaceFlinger:      DEVICE | 0xb40000774703f800 | 0102 | RGBA_8888    |    0.0    0.0  720.0 1600.0 |    0    0  720 1600 | com.example.dogglers/androidx.test.c[...]tivityInvoker$EmptyActivity$_14689#0
07-14 09:59:47.978   849   849 D SurfaceFlinger:      DEVICE | 0xb40000774703f680 | 0100 | RGBA_8888    |    0.0    0.0  720.0   53.0 |    0    0  720   53 | StatusBar$_1833#0
07-14 09:59:47.978   849   849 D SurfaceFlinger:      DEVICE | 0xb40000774bc0aa80 | 0100 | RGBA_8888    |    0.0    0.0  720.0   90.0 |    0 1510  720 1600 | NavigationBar0$_1833#0
07-14 09:59:47.978   849   849 D SurfaceFlinger:      DEVICE | 0xb40000776d256580 | 0140 | RGBA_8888    |    0.0    0.0  720.0   86.0 |    0    0  720   86 | ScreenDecorOverlay$_1833#0
07-14 09:59:47.978   849   849 D SurfaceFlinger:      DEVICE | 0xb40000776d255e00 | 0140 | RGBA_8888    |    0.0    0.0  720.0   77.0 |    0 1523  720 1600 | ScreenDecorOverlayBottom$_1833#0
07-14 09:59:47.978   849   849 D SurfaceFlinger:
07-14 09:59:47.978   803   861 I HYPER-HAL: [RequestManager.cpp]acquire(): Acquired ID : 1036093  [1426 / 13]    HINT : AMS_ACT_START    list :
07-14 09:59:47.978   803   861 I mtkpower_client: perf_lock_rel, hdl:24387, tid:861
07-14 09:59:47.979   803   861 I mtkpower_client: perf_lock_acq, hdl:0, dur:0, num:2, tid:861
07-14 09:59:47.979   808   897 I libPowerHal: [perfLockRel] hdl:24387, idx:2
07-14 09:59:47.979   849  2307 I SurfaceFlinger: id=24464 createSurf (0x0),-1 flag=80004, ActivityRecord{383e36a u0 com.example.dogglers/androidx.test.core.app.InstrumentationActivityInvoker$EmptyActivity t1116}#0
07-14 09:59:47.979   808   897 I libPowerHal: vendor.samsung.: cpu_ctrl set cpu freq: -1 -1 -1 -1
07-14 09:59:47.979 14689 14689 D LifecycleMonitor: Lifecycle status change: com.example.dogglers.VerticalListActivity@3776fbb in: STOPPED
07-14 09:59:47.980   803   861 I mtkpower_client: ret_hdl:24390
07-14 09:59:47.980   803   861 I mtkpower_client: perf_lock_rel, hdl:24388, tid:861
07-14 09:59:47.980   808   897 I libPowerHal: [perfLockAcq] idx:1 hdl:24390 hint:-1 pid:803 duration:0 lock_user:vendor.samsung. => ret_hdl:24390
07-14 09:59:47.980   808   897 I libPowerHal: vendor.samsung.: cpu_ctrl set cpu freq: 1800000 -1 -1 -1
07-14 09:59:47.980 14689 14689 V ActivityScenario: Update currentActivityStage to STOPPED, currentActivity=com.example.dogglers.VerticalListActivity@3776fbb
07-14 09:59:47.981   803   861 I mtkpower_client: perf_lock_acq, hdl:0, dur:0, num:2, tid:861
07-14 09:59:47.981   808   897 I libPowerHal: [perfLockRel] hdl:24388, idx:3
07-14 09:59:47.981   808   897 I libPowerHal: [PD] vendor.samsung. update cmd:1c3c000, param:1
07-14 09:59:47.981   808   897 I libPowerHal: [PD] (less) /proc/mcdi/state set +prefix:enable 1;
07-14 09:59:47.981   808   841 I mtkpower@impl: [setMode] type:5, enabled:1
07-14 09:59:47.981   803   861 I mtkpower_client: ret_hdl:24391
07-14 09:59:47.982   808   897 I libPowerHal: [perfLockAcq] idx:2 hdl:24391 hint:-1 pid:803 duration:0 lock_user:vendor.samsung. => ret_hdl:24391
07-14 09:59:47.982   803   861 I mtkpower_client: perf_lock_rel, hdl:24389, tid:861
07-14 09:59:47.982   808   897 I libPowerHal: [PE] (less) /proc/mcdi/state set +prefix:enable 0;
07-14 09:59:47.982   803   861 I mtkpower_client: perf_lock_acq, hdl:0, dur:0, num:2, tid:861
07-14 09:59:47.982   808   897 I libPowerHal: [perfLockRel] hdl:24389, idx:0
07-14 09:59:47.982   808   897 I libPowerHal: [PD] vendor.samsung. update cmd:1000000, param:-1
07-14 09:59:47.983   808   897 I libPowerHal: [PD] vendor.samsung. update cmd:1000000 param:-1
07-14 09:59:47.983   803   861 I mtkpower_client: ret_hdl:24392
07-14 09:59:47.983   808   897 I libPowerHal: [perfLockAcq] idx:3 hdl:24392 hint:-1 pid:803 duration:0 lock_user:vendor.samsung. => ret_hdl:24392
07-14 09:59:47.983   808   897 I libPowerHal: [PE] vendor.samsung. update cmd:1000000, param:0
07-14 09:59:47.984   808   897 I libPowerHal: [PE] vendor.samsung. update cmd:1000000 param:0
07-14 09:59:47.984 14689 14689 D LifecycleMonitor: Lifecycle status change: com.example.dogglers.VerticalListActivity@3776fbb in: DESTROYED
07-14 09:59:47.984   849   849 I Layer   : id=24458 Destroyed Surface(name=229b753 StatusBar)/@0xf6813df - animation-leash of insets_animation#2
07-14 09:59:47.984 14689 14689 V ActivityScenario: Update currentActivityStage to DESTROYED, currentActivity=null
07-14 09:59:47.988 14689 14784 D OpenGLRenderer: setSurface called with nullptr
07-14 09:59:47.988 14689 14784 D OpenGLRenderer: setSurface() destroyed EGLSurface
07-14 09:59:47.988 14689 14784 D OpenGLRenderer: destroyEglSurface
07-14 09:59:47.989 14689 14784 I BufferQueueProducer: [ViewRootImpl@214dee4[VerticalListActivity]#0(BLAST Consumer)0](id:396100000000,api:1,p:14689,c:14689) disconnect: api 1
07-14 09:59:47.989 14689 14784 I BLASTBufferQueue: [ViewRootImpl@214dee4[VerticalListActivity]#0] destructor()
07-14 09:59:47.989 14689 14784 I BufferQueueConsumer: [ViewRootImpl@214dee4[VerticalListActivity]#0(BLAST Consumer)0](id:396100000000,api:0,p:-1,c:14689) disconnect
07-14 09:59:47.990 14689 14689 I ViewRootImpl@214dee4[VerticalListActivity]: dispatchDetachedFromWindow
07-14 09:59:47.990  1426  3962 D InputTransport: Input channel destroyed: '33e1b77', fd=938
07-14 09:59:47.991  1426  3962 W InputManager-JNI: Input channel object '33e1b77 com.example.dogglers/com.example.dogglers.VerticalListActivity (client)' was disposed without first being removed with the input manager!
07-14 09:59:47.991  1426  3962 D InputTransport: Input channel destroyed: '33e1b77', fd=950
07-14 09:59:47.991   849  2307 I SurfaceFlinger: id=24465 createSurf (0x0),-1 flag=24004, Surface(name=1cdad24 InputMethod)/@0x32a0253 - animation-leash of insets_animation#1
07-14 09:59:47.995 14689 14689 D InputTransport: Input channel destroyed: '33e1b77', fd=99
07-14 09:59:47.995   849   849 I Layer   : id=24449 removedFromDrawingState com.example.dogglers/com.example.dogglers.VerticalListActivity$_14689#0 (106)
07-14 09:59:47.995   849   849 I Layer   : id=24448 removedFromDrawingState 33e1b77 com.example.dogglers/com.example.dogglers.VerticalListActivity#0 (106)
07-14 09:59:47.995   849   849 I Layer   : id=24453 removedFromDrawingState Surface(name=1cdad24 InputMethod)/@0x32a0253 - animation-leash of insets_animation#0 (106)
07-14 09:59:47.995   849   849 I SurfaceFlinger: id=24448 Removed 33e1b77 com.example.dogglers/com.example.dogglers.VerticalListActivity#0 (106)
07-14 09:59:47.995   849   849 I SurfaceFlinger: id=24453 Removed Surface(name=1cdad24 InputMethod)/@0x32a0253 - animation-leash of insets_animation#0 (106)
07-14 09:59:47.995   849   849 I SurfaceFlinger: id=24449 Removed com.example.dogglers/com.example.dogglers.VerticalListActivity$_14689#0 (106)
07-14 09:59:47.996   849   849 I Layer   : id=24448 Destroyed 33e1b77 com.example.dogglers/com.example.dogglers.VerticalListActivity#0
07-14 09:59:47.996   849   849 I BufferQueueDebug: [com.example.dogglers/com.example.dogglers.VerticalListActivity$_14689#0](this:0xb40000774c28d948,id:-1,api:0,p:-1,c:849) onDestructor()
07-14 09:59:47.996   849   849 I Layer   : id=24449 Destroyed com.example.dogglers/com.example.dogglers.VerticalListActivity$_14689#0
07-14 09:59:47.996   849   849 I Layer   : id=24453 Destroyed Surface(name=1cdad24 InputMethod)/@0x32a0253 - animation-leash of insets_animation#0
07-14 09:59:48.000 14689 14689 I ViewRootImpl@6195b7[InstrumentationActivityInvoker$EmptyActivity]: MSG_WINDOW_FOCUS_CHANGED 1 1
07-14 09:59:48.001 14689 14689 D InputMethodManager: startInputInner - Id : 0
07-14 09:59:48.001 14689 14689 I InputMethodManager: startInputInner - mService.startInputOrWindowGainedFocus
07-14 09:59:48.002  1426  7235 D InputMethodManagerService: mDesktopModeManager null!
07-14 09:59:48.002  1426  7235 V InputMethodManagerService: getDisplayIdOfInputMethodWindowToBeAdded : 0
07-14 09:59:48.003  1426  7235 D InputMethodManagerService: checkDisplayOfStartInputAndUpdateKeyboard display Id 0last 0
07-14 09:59:48.003  1426  7235 D InputTransport: Input channel constructed: 'ClientS', fd=950
07-14 09:59:48.003  1426  7235 D InputTransport: Input channel destroyed: 'ClientS', fd=950
07-14 09:59:48.003  5271  5271 I HBD     : HoneyBoardService onFinishInput
07-14 09:59:48.004  5271  5271 I HBD     : a IC have been unbinding,  InputConnectionWrapper{idHash=#c38411b mMissingMethods=}
07-14 09:59:48.004  5271  5271 I HBD     : HoneyBoardService [PF_CL][onFinishInput]  414769 ns
07-14 09:59:48.004  5271  5271 I HBD     : HoneyBoardService [IMI] onStartInput - caller pid : 14689 , caller uid : 10544
07-14 09:59:48.004  5271  5271 I HBD     : j updateConfigs
07-14 09:59:48.004   849  2307 I SurfaceFlinger: id=24466 createSurf (0x0),-1 flag=24004, Surface(name=1cdad24 InputMethod)/@0x32a0253 - animation-leash of insets_animation#0
07-14 09:59:48.004  5271  5271 I HBD     : j isEnabledNightMode : false
07-14 09:59:48.004  5271  5271 I HBD     : a IC have been binding, InputConnectionWrapper{idHash=#c38411b mMissingMethods=}
07-14 09:59:48.005  5271  5271 I HBD     : h [EditorInputType]setPrivateImeOptionsToTable privateImeOptions ( null )
07-14 09:59:48.005  5271  5271 I HBD     : b incognitoMode : false
07-14 09:59:48.005  5271  5271 I HBD     : a needOff = true , isForceOff = false, isNullInputClass : true
07-14 09:59:48.005  5271  5271 I HBD     : h getDefaultInputRange : UNKNOWN
07-14 09:59:48.005  5271  5271 I HBD     : h getDefaultInputRange : UNKNOWN
07-14 09:59:48.005  5271  5271 I HBD     : h getDefaultInputRange : UNKNOWN
07-14 09:59:48.006  5271  5271 I HBD     : h getDefaultInputRange : UNKNOWN
07-14 09:59:48.006  5271  5271 I HBD     : a currentState : 0
07-14 09:59:48.007  5271  5271 I HBD     : h load selected json path : /data/user/0/com.samsung.android.honeyboard/files/selected.json
07-14 09:59:48.008  5271  5271 I HBD     : h load selected json info : {"version":"1.0","currentLanguageOrder":0,"selected":[{"activeOptionList":["auto_spacing"],"engName":"English","id":65537,"inputType":"qwerty","isUsed":true},{"activeOptionList":["auto_replace","auto_spacing"],"engName":"Hindi","id":5570560,"inputType":"qwerty","isUsed":true}]}
07-14 09:59:48.008 14689 14689 D LifecycleMonitor: Lifecycle status change: androidx.test.core.app.InstrumentationActivityInvoker$EmptyActivity@99db578 in: PAUSED
07-14 09:59:48.009  5271  5271 I HBD     : a [UpdatePolicy] [post] a: 0 cl: 65537 kit: [0/0] vt: 0 ir: 1
07-14 09:59:48.010  5271  5271 I HBD     : HoneyBoardService [PF_OP][onStartInput]  5543077 ns
07-14 09:59:48.010 14689 14689 V ActivityScenario: Activity lifecycle changed event received but ignored because the intent does not match. startActivityIntent=Intent { act=android.intent.action.MAIN cat=[android.intent.category.LAUNCHER] cmp=com.example.dogglers/.VerticalListActivity }, activity.getIntent()=Intent { act=android.intent.action.MAIN cat=[android.intent.category.LAUNCHER] flg=0x10000000 cmp=com.example.dogglers/androidx.test.core.app.InstrumentationActivityInvoker$EmptyActivity }, activity=androidx.test.core.app.InstrumentationActivityInvoker$EmptyActivity@99db578
07-14 09:59:48.014  1426  3962 D InputDispatcher: Focused application set to (0): 383e36a
07-14 09:59:48.017   849   849 I Layer   : id=24447 removedFromDrawingState ActivityRecord{a623b7f u0 com.example.dogglers/.VerticalListActivity t1116}#0 (104)
07-14 09:59:48.017   849   849 I Layer   : id=24465 removedFromDrawingState Surface(name=1cdad24 InputMethod)/@0x32a0253 - animation-leash of insets_animation#1 (104)
07-14 09:59:48.017   849   849 I SurfaceFlinger: id=24447 Removed ActivityRecord{a623b7f u0 com.example.dogglers/.VerticalListActivity t1116}#0 (104)
07-14 09:59:48.018   849   849 I Layer   : id=24447 Destroyed ActivityRecord{a623b7f u0 com.example.dogglers/.VerticalListActivity t1116}#0
